Component: ARM Compiler 5.05 (build 41) Tool: armlink [4d0eb9]

==============================================================================

Section Cross References

    stm32f10x_it.o(.text) refers to noretval__2printf.o(.text) for __2printf
    stm32f10x_it.o(.text) refers to stm32f10x_it.o(.data) for exitble
    system_stm32f10x.o(.text) refers to system_stm32f10x.o(.data) for SystemCoreClock
    startup_stm32f10x_md.o(STACK) refers (Special) to heapauxi.o(.text) for __use_two_region_memory
    startup_stm32f10x_md.o(HEAP) refers (Special) to heapauxi.o(.text) for __use_two_region_memory
    startup_stm32f10x_md.o(RESET) refers (Special) to heapauxi.o(.text) for __use_two_region_memory
    startup_stm32f10x_md.o(RESET) refers to startup_stm32f10x_md.o(STACK) for __initial_sp
    startup_stm32f10x_md.o(RESET) refers to startup_stm32f10x_md.o(.text) for Reset_Handler
    startup_stm32f10x_md.o(RESET) refers to stm32f10x_it.o(.text) for NMI_Handler
    startup_stm32f10x_md.o(RESET) refers to os_cpu_a.o(.text) for PendSV_Handler
    startup_stm32f10x_md.o(RESET) refers to delay.o(.text) for SysTick_Handler
    startup_stm32f10x_md.o(RESET) refers to socket.o(.text) for TIM3_IRQHandler
    startup_stm32f10x_md.o(RESET) refers to bluetooth.o(.text) for USART2_IRQHandler
    startup_stm32f10x_md.o(RESET) refers to ef_qx.o(.text) for USART3_IRQHandler
    startup_stm32f10x_md.o(.text) refers (Special) to heapauxi.o(.text) for __use_two_region_memory
    startup_stm32f10x_md.o(.text) refers to system_stm32f10x.o(.text) for SystemInit
    startup_stm32f10x_md.o(.text) refers to __main.o(!!!main) for __main
    startup_stm32f10x_md.o(.text) refers to startup_stm32f10x_md.o(HEAP) for Heap_Mem
    startup_stm32f10x_md.o(.text) refers to startup_stm32f10x_md.o(STACK) for Stack_Mem
    delay.o(.text) refers to os_core.o(.text) for OSSchedLock
    delay.o(.text) refers to os_time.o(.text) for OSTimeDly
    delay.o(.text) refers to misc.o(.text) for SysTick_CLKSourceConfig
    delay.o(.text) refers to os_core.o(.data) for OSRunning
    delay.o(.text) refers to system_stm32f10x.o(.data) for SystemCoreClock
    delay.o(.text) refers to delay.o(.data) for fac_us
    usart.o(.text) refers (Special) to use_no_semi_2.o(.text) for __use_no_semihosting
    usart.o(.text) refers to stm32f10x_rcc.o(.text) for RCC_APB2PeriphClockCmd
    usart.o(.text) refers to rt_memcpy_w.o(.text) for __aeabi_memcpy4
    usart.o(.text) refers to stm32f10x_gpio.o(.text) for GPIO_Init
    usart.o(.text) refers to misc.o(.text) for NVIC_Init
    usart.o(.text) refers to stm32f10x_usart.o(.text) for USART_Init
    usart.o(.text) refers to noretval__2printf.o(.text) for __2printf
    usart.o(.text) refers to main.o(.bss) for Task_Flag
    usart.o(.text) refers to usart.o(.constdata) for .constdata
    usart.o(.bss) refers (Special) to use_no_semi_2.o(.text) for __use_no_semihosting
    usart.o(.constdata) refers (Special) to use_no_semi_2.o(.text) for __use_no_semihosting
    usart.o(.data) refers (Special) to use_no_semi_2.o(.text) for __use_no_semihosting
    ad.o(.text) refers to stm32f10x_rcc.o(.text) for RCC_APB2PeriphClockCmd
    ad.o(.text) refers to rt_memcpy_w.o(.text) for __aeabi_memcpy4
    ad.o(.text) refers to stm32f10x_adc.o(.text) for ADC_Init
    ad.o(.text) refers to stm32f10x_gpio.o(.text) for GPIO_Init
    ad.o(.text) refers to noretval__2printf.o(.text) for __2printf
    ad.o(.text) refers to wt5883.o(.text) for Play_voice
    ad.o(.text) refers to ad.o(.constdata) for .constdata
    ad.o(.text) refers to ad.o(.data) for ad_buff
    spi.o(.text) refers to stm32f10x_rcc.o(.text) for RCC_APB2PeriphClockCmd
    spi.o(.text) refers to stm32f10x_gpio.o(.text) for GPIO_Init
    spi.o(.text) refers to stm32f10x_spi.o(.text) for SPI_Init
    spi.o(.text) refers to noretval__2printf.o(.text) for __2printf
    spi.o(.text) refers to spi.o(.constdata) for .constdata
    led.o(.text) refers to stm32f10x_rcc.o(.text) for RCC_APB2PeriphClockCmd
    led.o(.text) refers to stm32f10x_gpio.o(.text) for GPIO_Init
    led.o(.text) refers to noretval__2printf.o(.text) for __2printf
    socket.o(.text) refers to _printf_percent.o(.ARM.Collect$$_printf_percent$$00000000) for _printf_percent
    socket.o(.text) refers to _printf_d.o(.ARM.Collect$$_printf_percent$$00000009) for _printf_d
    socket.o(.text) refers to _printf_dec.o(.text) for _printf_int_dec
    socket.o(.text) refers to _printf_s.o(.ARM.Collect$$_printf_percent$$00000014) for _printf_s
    socket.o(.text) refers to _printf_str.o(.text) for _printf_str
    socket.o(.text) refers to rt_memclr.o(.text) for __aeabi_memclr
    socket.o(.text) refers to strstr.o(.text) for strstr
    socket.o(.text) refers to qxwz_socket.o(i.qxwz_soc_error) for qxwz_soc_error
    socket.o(.text) refers to noretval__2printf.o(.text) for __2printf
    socket.o(.text) refers to stm32f10x_usart.o(.text) for USART_GetFlagStatus
    socket.o(.text) refers to usart.o(.text) for UART_SendString
[...]
    TIM_OC3Init                              0x080044b9   Thumb Code   150  stm32f10x_tim.o(.text)
    TIM_OC4Init                              0x0800454f   Thumb Code   182  stm32f10x_tim.o(.text)
    TIM_SetIC4Prescaler                      0x08004605   Thumb Code    26  stm32f10x_tim.o(.text)
    TIM_SetIC3Prescaler                      0x080046a1   Thumb Code    18  stm32f10x_tim.o(.text)
    TIM_SetIC2Prescaler                      0x0800472d   Thumb Code    26  stm32f10x_tim.o(.text)
    TIM_SetIC1Prescaler                      0x080047c9   Thumb Code    18  stm32f10x_tim.o(.text)
    TIM_ICInit                               0x08004847   Thumb Code   150  stm32f10x_tim.o(.text)
    TIM_PWMIConfig                           0x080048dd   Thumb Code   124  stm32f10x_tim.o(.text)
    TIM_BDTRConfig                           0x08004959   Thumb Code    32  stm32f10x_tim.o(.text)
    TIM_TimeBaseStructInit                   0x08004979   Thumb Code    18  stm32f10x_tim.o(.text)
    TIM_OCStructInit                         0x0800498b   Thumb Code    20  stm32f10x_tim.o(.text)
    TIM_ICStructInit                         0x0800499f   Thumb Code    18  stm32f10x_tim.o(.text)
    TIM_BDTRStructInit                       0x080049b1   Thumb Code    40  stm32f10x_tim.o(.text)
    TIM_Cmd                                  0x080049d9   Thumb Code    24  stm32f10x_tim.o(.text)
    TIM_CtrlPWMOutputs                       0x080049f1   Thumb Code    30  stm32f10x_tim.o(.text)
    TIM_ITConfig                             0x08004a0f   Thumb Code    18  stm32f10x_tim.o(.text)
    TIM_GenerateEvent                        0x08004a21   Thumb Code     4  stm32f10x_tim.o(.text)
    TIM_DMAConfig                            0x08004a25   Thumb Code    10  stm32f10x_tim.o(.text)
    TIM_DMACmd                               0x08004a2f   Thumb Code    18  stm32f10x_tim.o(.text)
    TIM_InternalClockConfig                  0x08004a41   Thumb Code    12  stm32f10x_tim.o(.text)
    TIM_SelectInputTrigger                   0x08004a4d   Thumb Code    18  stm32f10x_tim.o(.text)
    TIM_ITRxExternalClockConfig              0x08004a5f   Thumb Code    24  stm32f10x_tim.o(.text)
    TIM_TIxExternalClockConfig               0x08004a77   Thumb Code    62  stm32f10x_tim.o(.text)
    TIM_ETRConfig                            0x08004ab5   Thumb Code    28  stm32f10x_tim.o(.text)
    TIM_ETRClockMode1Config                  0x08004ad1   Thumb Code    54  stm32f10x_tim.o(.text)
    TIM_ETRClockMode2Config                  0x08004b07   Thumb Code    32  stm32f10x_tim.o(.text)
    TIM_PrescalerConfig                      0x08004b27   Thumb Code     6  stm32f10x_tim.o(.text)
    TIM_CounterModeConfig                    0x08004b2d   Thumb Code    18  stm32f10x_tim.o(.text)
    TIM_EncoderInterfaceConfig               0x08004b3f   Thumb Code    66  stm32f10x_tim.o(.text)
    TIM_ForcedOC1Config                      0x08004b81   Thumb Code    18  stm32f10x_tim.o(.text)
    TIM_ForcedOC2Config                      0x08004b93   Thumb Code    26  stm32f10x_tim.o(.text)
    TIM_ForcedOC3Config                      0x08004bad   Thumb Code    18  stm32f10x_tim.o(.text)
    TIM_ForcedOC4Config                      0x08004bbf   Thumb Code    26  stm32f10x_tim.o(.text)
    TIM_ARRPreloadConfig                     0x08004bd9   Thumb Code    24  stm32f10x_tim.o(.text)
    TIM_SelectCOM                            0x08004bf1   Thumb Code    24  stm32f10x_tim.o(.text)
    TIM_SelectCCDMA                          0x08004c09   Thumb Code    24  stm32f10x_tim.o(.text)
    TIM_CCPreloadControl                     0x08004c21   Thumb Code    24  stm32f10x_tim.o(.text)
    TIM_OC1PreloadConfig                     0x08004c39   Thumb Code    18  stm32f10x_tim.o(.text)
    TIM_OC2PreloadConfig                     0x08004c4b   Thumb Code    26  stm32f10x_tim.o(.text)
    TIM_OC3PreloadConfig                     0x08004c65   Thumb Code    18  stm32f10x_tim.o(.text)
    TIM_OC4PreloadConfig                     0x08004c77   Thumb Code    26  stm32f10x_tim.o(.text)
    TIM_OC1FastConfig                        0x08004c91   Thumb Code    18  stm32f10x_tim.o(.text)
    TIM_OC2FastConfig                        0x08004ca3   Thumb Code    26  stm32f10x_tim.o(.text)
    TIM_OC3FastConfig                        0x08004cbd   Thumb Code    18  stm32f10x_tim.o(.text)
    TIM_OC4FastConfig                        0x08004ccf   Thumb Code    26  stm32f10x_tim.o(.text)
    TIM_ClearOC1Ref                          0x08004ce9   Thumb Code    18  stm32f10x_tim.o(.text)
    TIM_ClearOC2Ref                          0x08004cfb   Thumb Code    24  stm32f10x_tim.o(.text)
    TIM_ClearOC3Ref                          0x08004d13   Thumb Code    18  stm32f10x_tim.o(.text)
    TIM_ClearOC4Ref                          0x08004d25   Thumb Code    24  stm32f10x_tim.o(.text)
    TIM_OC1PolarityConfig                    0x08004d3d   Thumb Code    18  stm32f10x_tim.o(.text)
    TIM_OC1NPolarityConfig                   0x08004d4f   Thumb Code    18  stm32f10x_tim.o(.text)
    TIM_OC2PolarityConfig                    0x08004d61   Thumb Code    26  stm32f10x_tim.o(.text)
    TIM_OC2NPolarityConfig                   0x08004d7b   Thumb Code    26  stm32f10x_tim.o(.text)
    TIM_OC3PolarityConfig                    0x08004d95   Thumb Code    26  stm32f10x_tim.o(.text)
    TIM_OC3NPolarityConfig                   0x08004daf   Thumb Code    26  stm32f10x_tim.o(.text)
    TIM_OC4PolarityConfig                    0x08004dc9   Thumb Code    26  stm32f10x_tim.o(.text)
    TIM_CCxCmd                               0x08004de3   Thumb Code    30  stm32f10x_tim.o(.text)
    TIM_CCxNCmd                              0x08004e01   Thumb Code    30  stm32f10x_tim.o(.text)
    TIM_SelectOCxM                           0x08004e1f   Thumb Code    82  stm32f10x_tim.o(.text)
    TIM_UpdateDisableConfig                  0x08004e71   Thumb Code    24  stm32f10x_tim.o(.text)
    TIM_UpdateRequestConfig                  0x08004e89   Thumb Code    24  stm32f10x_tim.o(.text)
    TIM_SelectHallSensor                     0x08004ea1   Thumb Code    24  stm32f10x_tim.o(.text)
    TIM_SelectOnePulseMode                   0x08004eb9   Thumb Code    18  stm32f10x_tim.o(.text)
    TIM_SelectOutputTrigger                  0x08004ecb   Thumb Code    18  stm32f10x_tim.o(.text)
    TIM_SelectSlaveMode                      0x08004edd   Thumb Code    18  stm32f10x_tim.o(.text)
    TIM_SelectMasterSlaveMode                0x08004eef   Thumb Code    18  stm32f10x_tim.o(.text)
    TIM_SetCounter                           0x08004f01   Thumb Code     4  stm32f10x_tim.o(.text)
    TIM_SetAutoreload                        0x08004f05   Thumb Code     4  stm32f10x_tim.o(.text)
    TIM_SetCompare1                          0x08004f09   Thumb Code     4  stm32f10x_tim.o(.text)
    TIM_SetCompare2                          0x08004f0d   Thumb Code     4  stm32f10x_tim.o(.text)
    TIM_SetCompare3                          0x08004f11   Thumb Code     4  stm32f10x_tim.o(.text)
    TIM_SetCompare4                          0x08004f15   Thumb Code     6  stm32f10x_tim.o(.text)
    TIM_SetClockDivision                     0x08004f1b   Thumb Code    18  stm32f10x_tim.o(.text)
    TIM_GetCapture1                          0x08004f2d   Thumb Code     6  stm32f10x_tim.o(.text)
    TIM_GetCapture2                          0x08004f33   Thumb Code     6  stm32f10x_tim.o(.text)
    TIM_GetCapture3                          0x08004f39   Thumb Code     6  stm32f10x_tim.o(.text)
    TIM_GetCapture4                          0x08004f3f   Thumb Code     8  stm32f10x_tim.o(.text)
    TIM_GetCounter                           0x08004f47   Thumb Code     6  stm32f10x_tim.o(.text)
    TIM_GetPrescaler                         0x08004f4d   Thumb Code     6  stm32f10x_tim.o(.text)
    TIM_GetFlagStatus                        0x08004f53   Thumb Code    18  stm32f10x_tim.o(.text)
    TIM_ClearFlag                            0x08004f65   Thumb Code     6  stm32f10x_tim.o(.text)
    TIM_GetITStatus                          0x08004f6b   Thumb Code    34  stm32f10x_tim.o(.text)
    TIM_ClearITPendingBit                    0x08004f8d   Thumb Code     6  stm32f10x_tim.o(.text)
    USART_DeInit                             0x08004f95   Thumb Code   134  stm32f10x_usart.o(.text)
    USART_Init                               0x0800501b   Thumb Code   210  stm32f10x_usart.o(.text)
    USART_StructInit                         0x080050ed   Thumb Code    24  stm32f10x_usart.o(.text)
    USART_ClockInit                          0x08005105   Thumb Code    34  stm32f10x_usart.o(.text)
    USART_ClockStructInit                    0x08005127   Thumb Code    12  stm32f10x_usart.o(.text)
    USART_Cmd                                0x08005133   Thumb Code    24  stm32f10x_usart.o(.text)
    USART_ITConfig                           0x0800514b   Thumb Code    74  stm32f10x_usart.o(.text)
    USART_DMACmd                             0x08005195   Thumb Code    18  stm32f10x_usart.o(.text)
    USART_SetAddress                         0x080051a7   Thumb Code    18  stm32f10x_usart.o(.text)
    USART_WakeUpConfig                       0x080051b9   Thumb Code    18  stm32f10x_usart.o(.text)
    USART_ReceiverWakeUpCmd                  0x080051cb   Thumb Code    24  stm32f10x_usart.o(.text)
    USART_LINBreakDetectLengthConfig         0x080051e3   Thumb Code    18  stm32f10x_usart.o(.text)
    USART_LINCmd                             0x080051f5   Thumb Code    24  stm32f10x_usart.o(.text)
    USART_SendData                           0x0800520d   Thumb Code     8  stm32f10x_usart.o(.text)
    USART_ReceiveData                        0x08005215   Thumb Code    10  stm32f10x_usart.o(.text)
    USART_SendBreak                          0x0800521f   Thumb Code    10  stm32f10x_usart.o(.text)
    USART_SetGuardTime                       0x08005229   Thumb Code    16  stm32f10x_usart.o(.text)
    USART_SetPrescaler                       0x08005239   Thumb Code    16  stm32f10x_usart.o(.text)
    USART_SmartCardCmd                       0x08005249   Thumb Code    24  stm32f10x_usart.o(.text)
    USART_SmartCardNACKCmd                   0x08005261   Thumb Code    24  stm32f10x_usart.o(.text)
    USART_HalfDuplexCmd                      0x08005279   Thumb Code    24  stm32f10x_usart.o(.text)
    USART_OverSampling8Cmd                   0x08005291   Thumb Code    22  stm32f10x_usart.o(.text)
    USART_OneBitMethodCmd                    0x080052a7   Thumb Code    24  stm32f10x_usart.o(.text)
    USART_IrDAConfig                         0x080052bf   Thumb Code    18  stm32f10x_usart.o(.text)
    USART_IrDACmd                            0x080052d1   Thumb Code    24  stm32f10x_usart.o(.text)
    USART_GetFlagStatus                      0x080052e9   Thumb Code    26  stm32f10x_usart.o(.text)
    USART_ClearFlag                          0x08005303   Thumb Code    18  stm32f10x_usart.o(.text)
    USART_GetITStatus                        0x08005315   Thumb Code    84  stm32f10x_usart.o(.text)
    USART_ClearITPendingBit                  0x08005369   Thumb Code    52  stm32f10x_usart.o(.text)
    OS_TaskStatStkChk                        0x0800539d   Thumb Code    54  os_core.o(.text)
    OS_TaskStat                              0x080053d3   Thumb Code   116  os_core.o(.text)
    OS_TaskIdle                              0x0800547b   Thumb Code    34  os_core.o(.text)
    OS_MemClr                                0x080054d1   Thumb Code    18  os_core.o(.text)
    OSInit                                   0x080055ef   Thumb Code    44  os_core.o(.text)
    OSIntEnter                               0x0800561b   Thumb Code    28  os_core.o(.text)
    OSIntExit                                0x08005651   Thumb Code   112  os_core.o(.text)
    OSSchedLock                              0x080056c1   Thumb Code    50  os_core.o(.text)
    OS_Sched                                 0x080056f3   Thumb Code    88  os_core.o(.text)
    OSSchedUnlock                            0x0800574b   Thumb Code   238  os_core.o(.text)
    OSStart                                  0x08005839   Thumb Code    48  os_core.o(.text)
    OSStatInit                               0x08005869   Thumb Code    62  os_core.o(.text)
    OSTimeTick                               0x080058a7   Thumb Code   210  os_core.o(.text)
    OSVersion                                0x08005979   Thumb Code     6  os_core.o(.text)
    OS_Dummy                                 0x0800597f   Thumb Code     2  os_core.o(.text)
    OS_EventTaskRemove                       0x08005981   Thumb Code    42  os_core.o(.text)
    OS_EventTaskRdy                          0x080059ab   Thumb Code   114  os_core.o(.text)
    OS_EventTaskWait                         0x08005a1d   Thumb Code   112  os_core.o(.text)
    OS_EventWaitListInit                     0x08005a8d   Thumb Code    28  os_core.o(.text)
    OS_MemCopy                               0x08005aa9   Thumb Code    20  os_core.o(.text)
    OS_StrLen                                0x08005abd   Thumb Code    20  os_core.o(.text)
    OS_TCBInit                               0x08005ad1   Thumb Code   280  os_core.o(.text)
    OSFlagAccept                             0x08005c2d   Thumb Code   252  os_flag.o(.text)
    OSFlagCreate                             0x08005d29   Thumb Code    86  os_flag.o(.text)
    OS_FlagUnlink                            0x08005d7f   Thumb Code    36  os_flag.o(.text)
    OSFlagDel                                0x08005df5   Thumb Code   214  os_flag.o(.text)
    OSFlagNameGet                            0x08005ecb   Thumb Code    80  os_flag.o(.text)
    OSFlagNameSet                            0x08005f1b   Thumb Code    66  os_flag.o(.text)
    OSFlagPend                               0x08005ff5   Thumb Code   614  os_flag.o(.text)
    OSFlagPendGetFlagsRdy                    0x0800625b   Thumb Code    26  os_flag.o(.text)
    OSFlagPost                               0x08006275   Thumb Code   312  os_flag.o(.text)
    OSFlagQuery                              0x080063ad   Thumb Code    48  os_flag.o(.text)
    OS_FlagInit                              0x080063dd   Thumb Code    78  os_flag.o(.text)
    OSQAccept                                0x08006439   Thumb Code    88  os_q.o(.text)
    OSQCreate                                0x08006491   Thumb Code   140  os_q.o(.text)
    OSQDel                                   0x0800651d   Thumb Code   236  os_q.o(.text)
    OSQFlush                                 0x08006609   Thumb Code    36  os_q.o(.text)
    OSQPend                                  0x0800662d   Thumb Code   272  os_q.o(.text)
    OSQPendAbort                             0x0800673d   Thumb Code   128  os_q.o(.text)
    OSQPost                                  0x080067bd   Thumb Code   114  os_q.o(.text)
    OSQPostFront                             0x0800682f   Thumb Code   136  os_q.o(.text)
    OSQPostOpt                               0x080068b7   Thumb Code   182  os_q.o(.text)
    OSQQuery                                 0x0800696d   Thumb Code    98  os_q.o(.text)
    OS_QInit                                 0x080069cf   Thumb Code    72  os_q.o(.text)
    OSSemAccept                              0x08006a21   Thumb Code    42  os_sem.o(.text)
    OSSemCreate                              0x08006a4b   Thumb Code    68  os_sem.o(.text)
    OSSemDel                                 0x08006a8f   Thumb Code   200  os_sem.o(.text)
    OSSemPend                                0x08006b57   Thumb Code   222  os_sem.o(.text)
    OSSemPendAbort                           0x08006c35   Thumb Code   128  os_sem.o(.text)
    OSSemPost                                0x08006cb5   Thumb Code    88  os_sem.o(.text)
    OSSemQuery                               0x08006d0d   Thumb Code    76  os_sem.o(.text)
    OSSemSet                                 0x08006d59   Thumb Code    66  os_sem.o(.text)
    OSTaskChangePrio                         0x08006dad   Thumb Code   308  os_task.o(.text)
    OSTaskCreate                             0x08006ee1   Thumb Code   148  os_task.o(.text)
    OS_TaskStkClr                            0x08006f75   Thumb Code    26  os_task.o(.text)
    OSTaskCreateExt                          0x08006f8f   Thumb Code   170  os_task.o(.text)
    OSTaskDel                                0x08007039   Thumb Code   294  os_task.o(.text)
    OSTaskDelReq                             0x0800715f   Thumb Code   144  os_task.o(.text)
    OSTaskNameGet                            0x080071ef   Thumb Code   114  os_task.o(.text)
    OSTaskNameSet                            0x08007261   Thumb Code    98  os_task.o(.text)
    OSTaskResume                             0x080072c3   Thumb Code   154  os_task.o(.text)
    OSTaskStkChk                             0x0800735d   Thumb Code   132  os_task.o(.text)
    OSTaskSuspend                            0x080073e1   Thumb Code   152  os_task.o(.text)
    OSTaskQuery                              0x08007479   Thumb Code    82  os_task.o(.text)
    OSTaskRegGet                             0x080074cb   Thumb Code    60  os_task.o(.text)
    OSTaskRegSet                             0x08007507   Thumb Code    62  os_task.o(.text)
    OS_TaskReturn                            0x08007545   Thumb Code    18  os_task.o(.text)
    OSTimeDly                                0x08007571   Thumb Code   100  os_time.o(.text)
    OSTimeDlyHMSM                            0x080075d5   Thumb Code    86  os_time.o(.text)
    OSTimeDlyResume                          0x0800762b   Thumb Code   168  os_time.o(.text)
    OSTimeGet                                0x080076d3   Thumb Code    24  os_time.o(.text)
    OSTimeSet                                0x080076eb   Thumb Code    24  os_time.o(.text)
    OSInitHookBegin                          0x08007721   Thumb Code     2  os_cpu_c.o(.text)
    OSInitHookEnd                            0x08007723   Thumb Code     2  os_cpu_c.o(.text)
    OSTaskCreateHook                         0x08007725   Thumb Code     2  os_cpu_c.o(.text)
    OSTaskDelHook                            0x08007727   Thumb Code     2  os_cpu_c.o(.text)
    OSTaskIdleHook                           0x08007729   Thumb Code     2  os_cpu_c.o(.text)
    OSTaskStatHook                           0x0800772b   Thumb Code     2  os_cpu_c.o(.text)
    OSTaskStkInit                            0x0800772d   Thumb Code   154  os_cpu_c.o(.text)
    OSTaskSwHook                             0x080077c7   Thumb Code     2  os_cpu_c.o(.text)
    OSTCBInitHook                            0x080077c9   Thumb Code     2  os_cpu_c.o(.text)
    OSTimeTickHook                           0x080077cb   Thumb Code     2  os_cpu_c.o(.text)
    OSTaskReturnHook                         0x080077cd   Thumb Code     2  os_cpu_c.o(.text)
    OS_CPU_SR_Save                           0x080077d1   Thumb Code     0  os_cpu_a.o(.text)
    OS_CPU_SR_Restore                        0x080077d9   Thumb Code     0  os_cpu_a.o(.text)
    OSStartHighRdy                           0x080077df   Thumb Code     0  os_cpu_a.o(.text)
    OSCtxSw                                  0x08007801   Thumb Code     0  os_cpu_a.o(.text)
    OSIntCtxSw                               0x0800780f   Thumb Code     0  os_cpu_a.o(.text)
    PendSV_Handler                           0x0800781f   Thumb Code     0  os_cpu_a.o(.text)
    __use_no_semihosting                     0x08007885   Thumb Code     2  use_no_semi_2.o(.text)
    __aeabi_uldivmod                         0x08007887   Thumb Code     0  lludivv7m.o(.text)
    _ll_udiv                                 0x08007887   Thumb Code   238  lludivv7m.o(.text)
    __aeabi_ldivmod                          0x08007975   Thumb Code     0  llsdiv.o(.text)
    _ll_sdiv                                 0x08007975   Thumb Code    72  llsdiv.o(.text)
    __2printf                                0x080079bd   Thumb Code    20  noretval__2printf.o(.text)
    __2sprintf                               0x080079d5   Thumb Code    34  noretval__2sprintf.o(.text)
    __2snprintf                              0x080079fd   Thumb Code    48  noretval__2snprintf.o(.text)
    _printf_pre_padding                      0x08007a31   Thumb Code    44  _printf_pad.o(.text)
    _printf_post_padding                     0x08007a5d   Thumb Code    34  _printf_pad.o(.text)
    _printf_str                              0x08007a7f   Thumb Code    82  _printf_str.o(.text)
    _printf_int_dec                          0x08007ad1   Thumb Code   104  _printf_dec.o(.text)
    _printf_int_hex                          0x08007b49   Thumb Code    84  _printf_hex_int.o(.text)
    _printf_longlong_hex                     0x08007b49   Thumb Code     0  _printf_hex_int.o(.text)
    __printf                                 0x08007ba1   Thumb Code   388  __printf_flags_ss_wp.o(.text)
    atoi                                     0x08007d29   Thumb Code    26  atoi.o(.text)
    atoll                                    0x08007d43   Thumb Code    26  atoll.o(.text)
    srand                                    0x08007d5d   Thumb Code    42  rand.o(.text)
    _rand_init                               0x08007d87   Thumb Code     4  rand.o(.text)
    strchr                                   0x08007d99   Thumb Code    20  strchr.o(.text)
    strstr                                   0x08007dad   Thumb Code    36  strstr.o(.text)
    strrchr                                  0x08007dd1   Thumb Code    22  strrchr.o(.text)
    strlen                                   0x08007de7   Thumb Code    62  strlen.o(.text)
    strcat                                   0x08007e25   Thumb Code    24  strcat.o(.text)
    __aeabi_memcpy                           0x08007e3d   Thumb Code     0  rt_memcpy_v6.o(.text)
    __rt_memcpy                              0x08007e3d   Thumb Code   138  rt_memcpy_v6.o(.text)
    _memcpy_lastbytes                        0x08007ea3   Thumb Code     0  rt_memcpy_v6.o(.text)
    __aeabi_memcpy4                          0x08007ec7   Thumb Code     0  rt_memcpy_w.o(.text)
    __aeabi_memcpy8                          0x08007ec7   Thumb Code     0  rt_memcpy_w.o(.text)
    __rt_memcpy_w                            0x08007ec7   Thumb Code   100  rt_memcpy_w.o(.text)
    _memcpy_lastbytes_aligned                0x08007f0f   Thumb Code     0  rt_memcpy_w.o(.text)
    __aeabi_memset                           0x08007f2b   Thumb Code    16  aeabi_memset.o(.text)
    __aeabi_memclr                           0x08007f3b   Thumb Code     0  rt_memclr.o(.text)
    __rt_memclr                              0x08007f3b   Thumb Code    68  rt_memclr.o(.text)
    _memset                                  0x08007f3f   Thumb Code     0  rt_memclr.o(.text)
    __aeabi_memclr4                          0x08007f7f   Thumb Code     0  rt_memclr_w.o(.text)
    __aeabi_memclr8                          0x08007f7f   Thumb Code     0  rt_memclr_w.o(.text)
    __rt_memclr_w                            0x08007f7f   Thumb Code    78  rt_memclr_w.o(.text)
    _memset_w                                0x08007f83   Thumb Code     0  rt_memclr_w.o(.text)
    strcmp                                   0x08007fcd   Thumb Code   128  strcmpv7m.o(.text)
    __use_two_region_memory                  0x0800804d   Thumb Code     2  heapauxi.o(.text)
    __rt_heap_escrow$2region                 0x0800804f   Thumb Code     2  heapauxi.o(.text)
    __rt_heap_expand$2region                 0x08008051   Thumb Code     2  heapauxi.o(.text)
    __I$use$semihosting                      0x08008053   Thumb Code     0  use_no_semi.o(.text)
    __use_no_semihosting_swi                 0x08008053   Thumb Code     2  use_no_semi.o(.text)
    __aeabi_errno_addr                       0x08008055   Thumb Code     8  rt_errno_addr_intlibspace.o(.text)
    __errno$intlibspace                      0x08008055   Thumb Code     0  rt_errno_addr_intlibspace.o(.text)
    __rt_errno_addr$intlibspace              0x08008055   Thumb Code     0  rt_errno_addr_intlibspace.o(.text)
    _printf_int_common                       0x0800805d   Thumb Code   178  _printf_intcommon.o(.text)
    _printf_char_common                      0x0800811b   Thumb Code    32  _printf_char_common.o(.text)
    _sputc                                   0x08008141   Thumb Code    10  _sputc.o(.text)
    _snputc                                  0x0800814b   Thumb Code    16  _snputc.o(.text)
    _printf_cs_common                        0x0800815b   Thumb Code    20  _printf_char.o(.text)
    _printf_char                             0x0800816f   Thumb Code    16  _printf_char.o(.text)
    _printf_string                           0x0800817f   Thumb Code     8  _printf_char.o(.text)
    _printf_char_file                        0x08008189   Thumb Code    32  _printf_char_file.o(.text)
    __strtod_int                             0x080081e9   Thumb Code    88  strtod.o(.text)
    strtol                                   0x0800824d   Thumb Code   112  strtol.o(.text)
    __strtoll                                0x080082bd   Thumb Code   144  __strtoll.o(.text)
    __user_libspace                          0x0800834d   Thumb Code     8  libspace.o(.text)
    __user_perproc_libspace                  0x0800834d   Thumb Code     0  libspace.o(.text)
    __user_perthread_libspace                0x0800834d   Thumb Code     0  libspace.o(.text)
    __rt_ctype_table                         0x08008355   Thumb Code    16  rt_ctype_table.o(.text)
    isspace                                  0x08008365   Thumb Code    18  isspace.o(.text)
    _sgetc                                   0x08008377   Thumb Code    30  _sgetc.o(.text)
    _sbackspace                              0x08008395   Thumb Code    34  _sgetc.o(.text)
    _strtoul                                 0x080083b7   Thumb Code   158  _strtoul.o(.text)
    _strtoull                                0x08008455   Thumb Code   194  _strtoull.o(.text)
    ferror                                   0x08008517   Thumb Code     8  ferror.o(.text)
    __user_setup_stackheap                   0x0800851f   Thumb Code    74  sys_stackheap_outer.o(.text)
    __rt_locale                              0x08008569   Thumb Code     8  rt_locale_intlibspace.o(.text)
    _chval                                   0x08008571   Thumb Code    28  _chval.o(.text)
    _scanf_really_real                       0x08008789   Thumb Code   668  scanf_fp.o(.text)
    exit                                     0x08008a31   Thumb Code    12  exit.o(.text)
    _btod_etento                             0x08008a3d   Thumb Code   216  bigflt0.o(.text)
    __read_errno                             0x08008b19   Thumb Code    10  _rserrno.o(.text)
    __set_errno                              0x08008b23   Thumb Code    12  _rserrno.o(.text)
    _scanf_really_hex_real                   0x08008b31   Thumb Code   778  scanf_hexfp.o(.text)
    _scanf_really_infnan                     0x08008e49   Thumb Code   292  scanf_infnan.o(.text)
    __aeabi_llsl                             0x08008f7d   Thumb Code     0  llshl.o(.text)
    _ll_shift_l                              0x08008f7d   Thumb Code    38  llshl.o(.text)
    __btod_div_common                        0x08008fa3   Thumb Code   696  btod.o(CL$$btod_div_common)
    _e2d                                     0x080092dd   Thumb Code    80  btod.o(CL$$btod_e2d)
    _e2e                                     0x08009331   Thumb Code   198  btod.o(CL$$btod_e2e)
    _btod_ediv                               0x080093f7   Thumb Code    40  btod.o(CL$$btod_ediv)
    _btod_edivd                              0x0800941f   Thumb Code    40  btod.o(CL$$btod_edivd)
    _btod_emul                               0x08009447   Thumb Code    40  btod.o(CL$$btod_emul)
    _btod_emuld                              0x0800946f   Thumb Code    40  btod.o(CL$$btod_emuld)
    __btod_mult_common                       0x08009497   Thumb Code   580  btod.o(CL$$btod_mult_common)
    __mathlib_dbl_overflow                   0x080096db   Thumb Code    14  dunder.o(i.__mathlib_dbl_overflow)
    __mathlib_dbl_underflow                  0x080096e9   Thumb Code    10  dunder.o(i.__mathlib_dbl_underflow)
    __mathlib_narrow                         0x080096f9   Thumb Code    16  narrow.o(i.__mathlib_narrow)
    __mathlib_tofloat                        0x08009709   Thumb Code   132  narrow.o(i.__mathlib_tofloat)
    __support_ldexp                          0x08009791   Thumb Code    22  ldexp.o(i.__support_ldexp)
    _is_digit                                0x080097a7   Thumb Code    14  __printf_wp.o(i._is_digit)
    copy_user_config                         0x080097b5   Thumb Code   134  qxwz_rtcm.o(i.copy_user_config)
    frexp                                    0x08009851   Thumb Code    80  frexp.o(i.frexp)
    getServerTimestamp                       0x080098a9   Thumb Code    82  qxwz_webservice.o(i.getServerTimestamp)
    get_gga_send_glag                        0x08009915   Thumb Code     8  ntrip.o(i.get_gga_send_glag)
    get_httprequest_flag                     0x08009921   Thumb Code     6  httprequest.o(i.get_httprequest_flag)
    get_httprequest_retry_cb                 0x0800992d   Thumb Code     6  httprequest.o(i.get_httprequest_retry_cb)
    get_ntrip_connect_status                 0x08009939   Thumb Code     8  ntrip.o(i.get_ntrip_connect_status)
    get_ntrip_header_send_flag               0x08009945   Thumb Code     8  ntrip.o(i.get_ntrip_header_send_flag)
    get_qxwz_config                          0x08009951   Thumb Code     4  qxwz_rtcm.o(i.get_qxwz_config)
    get_sdk_timestamp                        0x08009959   Thumb Code     4  qxwz_rtcm.o(i.get_sdk_timestamp)
    get_soc_close_status                     0x08009961   Thumb Code     8  qxwz_socket.o(i.get_soc_close_status)
    getqxwzAccount                           0x0800996d   Thumb Code    16  qxwz_rtcm.o(i.getqxwzAccount)
    isc_hmacsha384_init                      0x08009985   Thumb Code   120  sha384.o(i.isc_hmacsha384_init)
    isc_hmacsha384_sign                      0x080099fd   Thumb Code   110  sha384.o(i.isc_hmacsha384_sign)
    isc_hmacsha384_update                    0x08009a6b   Thumb Code    20  sha384.o(i.isc_hmacsha384_update)
    isc_sha384_final                         0x08009a81   Thumb Code   174  sha384.o(i.isc_sha384_final)
    isc_sha384_init                          0x08009b35   Thumb Code    42  sha384.o(i.isc_sha384_init)
    isc_sha384_update                        0x08009b65   Thumb Code    20  sha384.o(i.isc_sha384_update)
    isc_sha512_last                          0x08009b79   Thumb Code   378  sha384.o(i.isc_sha512_last)
    isc_sha512_transform                     0x08009cf9   Thumb Code  9346  sha384.o(i.isc_sha512_transform)
    isc_sha512_update                        0x0800c17b   Thumb Code   344  sha384.o(i.isc_sha512_update)
    ldexp                                    0x0800c2d3   Thumb Code   116  ldexp.o(i.ldexp)
    makekvpair                               0x0800c347   Thumb Code    16  httprequest.o(i.makekvpair)
    qxwz_api_sign                            0x0800c425   Thumb Code   210  qxwz_webservice.o(i.qxwz_api_sign)
    qxwz_getbody                             0x0800c505   Thumb Code    58  qxwz_rtcm.o(i.qxwz_getbody)
    qxwz_getservertimestampcallback          0x0800c54d   Thumb Code   234  qxwz_rtcm.o(i.qxwz_getservertimestampcallback)
    qxwz_http_cache_requestbody              0x0800c705   Thumb Code   118  httprequest.o(i.qxwz_http_cache_requestbody)
    qxwz_http_querystring                    0x0800c7d5   Thumb Code    94  httprequest.o(i.qxwz_http_querystring)
    qxwz_http_request                        0x0800c83d   Thumb Code   612  httprequest.o(i.qxwz_http_request)
    qxwz_json_readvalue                      0x0800cc09   Thumb Code   152  util.o(i.qxwz_json_readvalue)
    qxwz_ntrip_disconnect                    0x0800cfdd   Thumb Code    54  ntrip.o(i.qxwz_ntrip_disconnect)
    qxwz_ntrip_on_data_received              0x0800d3a5   Thumb Code   250  ntrip.o(i.qxwz_ntrip_on_data_received)
    qxwz_ntrip_send_gga                      0x0800d55d   Thumb Code    12  ntrip.o(i.qxwz_ntrip_send_gga)
    qxwz_ntrip_start                         0x0800d8f9   Thumb Code    36  ntrip.o(i.qxwz_ntrip_start)
    qxwz_ntrip_stop                          0x0800d925   Thumb Code    42  ntrip.o(i.qxwz_ntrip_stop)
    qxwz_ntrip_tick                          0x0800d955   Thumb Code   238  ntrip.o(i.qxwz_ntrip_tick)
    qxwz_on_soc_data_received                0x0800daed   Thumb Code   154  qxwz_socket.o(i.qxwz_on_soc_data_received)
    qxwz_prefs_flags_get                     0x0800dbed   Thumb Code     6  prefs.o(i.qxwz_prefs_flags_get)
    qxwz_rtcm_authenticate                   0x0800dbf9   Thumb Code   112  qxwz_rtcm.o(i.qxwz_rtcm_authenticate)
    qxwz_rtcm_authenticate_callback          0x0800dcd1   Thumb Code  2160  qxwz_rtcm.o(i.qxwz_rtcm_authenticate_callback)
    qxwz_rtcm_connectntrip                   0x0800e6b5   Thumb Code    66  qxwz_rtcm.o(i.qxwz_rtcm_connectntrip)
    qxwz_rtcm_getservertimestamp             0x0800e725   Thumb Code    74  qxwz_rtcm.o(i.qxwz_rtcm_getservertimestamp)
    qxwz_rtcm_ntrip_callback                 0x0800e7c9   Thumb Code   130  qxwz_rtcm.o(i.qxwz_rtcm_ntrip_callback)
    qxwz_rtcm_ntrip_status_callback          0x0800e8b5   Thumb Code   166  qxwz_rtcm.o(i.qxwz_rtcm_ntrip_status_callback)
    qxwz_rtcm_readvalue                      0x0800e9c5   Thumb Code    46  qxwz_rtcm.o(i.qxwz_rtcm_readvalue)
    qxwz_sdk_get_ntrip_host                  0x0800e9f5   Thumb Code    18  sdk.o(i.qxwz_sdk_get_ntrip_host)
    qxwz_sdk_get_open_api_host               0x0800ea31   Thumb Code    18  sdk.o(i.qxwz_sdk_get_open_api_host)
    qxwz_send_gga                            0x0800ea6d   Thumb Code   140  qxwz_rtcm.o(i.qxwz_send_gga)
    qxwz_setting                             0x0800eb55   Thumb Code   486  qxwz_rtcm.o(i.qxwz_setting)
    qxwz_sign_sha384                         0x0800ee59   Thumb Code    98  sha384.o(i.qxwz_sign_sha384)
    qxwz_soc_close_complete                  0x0800eec5   Thumb Code    20  qxwz_socket.o(i.qxwz_soc_close_complete)
    qxwz_soc_connect_complete                0x0800eedd   Thumb Code   258  qxwz_socket.o(i.qxwz_soc_connect_complete)
    qxwz_soc_error                           0x0800f0b1   Thumb Code   102  qxwz_socket.o(i.qxwz_soc_error)
    qxwz_soc_local_close                     0x0800f16d   Thumb Code    36  qxwz_socket.o(i.qxwz_soc_local_close)
    qxwz_soc_local_connect                   0x0800f195   Thumb Code    46  qxwz_socket.o(i.qxwz_soc_local_connect)
    qxwz_soc_send_complete                   0x0800f1c9   Thumb Code   336  qxwz_socket.o(i.qxwz_soc_send_complete)
    qxwz_start                               0x0800f3f1   Thumb Code   162  qxwz_rtcm.o(i.qxwz_start)
    qxwz_stop                                0x0800f52d   Thumb Code    92  qxwz_rtcm.o(i.qxwz_stop)
    qxwz_tick                                0x0800f5e5   Thumb Code    24  qxwz_rtcm.o(i.qxwz_tick)
    qxwz_trim                                0x0800f601   Thumb Code   100  util.o(i.qxwz_trim)
    qxwz_util_make_json_key                  0x0800f665   Thumb Code    62  util.o(i.qxwz_util_make_json_key)
    qxwz_webservice_authenticate             0x0800f6ad   Thumb Code   356  qxwz_webservice.o(i.qxwz_webservice_authenticate)
    rtcm_callnextsetp_method                 0x0800f8e9   Thumb Code    18  qxwz_rtcm.o(i.rtcm_callnextsetp_method)
    set_gga_send_flag                        0x0800f901   Thumb Code     6  ntrip.o(i.set_gga_send_flag)
    set_httprequest_flag                     0x0800f90d   Thumb Code     6  httprequest.o(i.set_httprequest_flag)
    set_ntrip_connect_status                 0x0800f919   Thumb Code    22  ntrip.o(i.set_ntrip_connect_status)
    set_ntrip_connecting_flag                0x0800f935   Thumb Code    12  ntrip.o(i.set_ntrip_connecting_flag)
    set_ntrip_header_send_flag               0x0800f945   Thumb Code     6  ntrip.o(i.set_ntrip_header_send_flag)
    socket_getcallback                       0x0800f951   Thumb Code    98  qxwz_socket.o(i.socket_getcallback)
    socket_push_callback                     0x0800fa11   Thumb Code    10  qxwz_socket.o(i.socket_push_callback)
    socket_remove_callback                   0x0800fa21   Thumb Code    26  qxwz_socket.o(i.socket_remove_callback)
    socket_tick                              0x0800fa41   Thumb Code   478  qxwz_socket.o(i.socket_tick)
    string_indexOf                           0x0800fd29   Thumb Code    28  util.o(i.string_indexOf)
    string_substring                         0x0800fd45   Thumb Code    70  util.o(i.string_substring)
    strtod                                   0x0800fd8b   Thumb Code    28  strtod.o(i.strtod)
    strtof                                   0x0800fda7   Thumb Code    34  strtof.o(i.strtof)
    url_config                               0x0800fdc9   Thumb Code   132  qxwz_webservice.o(i.url_config)
    url_encode                               0x0800fe6d   Thumb Code   122  util.o(i.url_encode)
    _get_lc_numeric                          0x0800feed   Thumb Code    44  lc_numeric_c.o(locale$$code)
    _get_lc_ctype                            0x0800ff19   Thumb Code    44  lc_ctype_c.o(locale$$code)
    __aeabi_d2f                              0x0800ff45   Thumb Code     0  d2f.o(x$fpl$d2f)
    _d2f                                     0x0800ff45   Thumb Code    98  d2f.o(x$fpl$d2f)
    __fpl_dcheck_NaN1                        0x0800ffa9   Thumb Code    10  dcheck1.o(x$fpl$dcheck1)
    __fpl_dcmp_Inf                           0x0800ffb9   Thumb Code    24  dcmpi.o(x$fpl$dcmpinf)
    __aeabi_cdcmpeq                          0x0800ffd1   Thumb Code     0  deqf.o(x$fpl$deqf)
    _dcmpeq                                  0x0800ffd1   Thumb Code   120  deqf.o(x$fpl$deqf)
    __aeabi_cdcmple                          0x08010049   Thumb Code     0  dleqf.o(x$fpl$dleqf)
    _dcmple                                  0x08010049   Thumb Code   120  dleqf.o(x$fpl$dleqf)
    __fpl_dcmple_InfNaN                      0x080100ab   Thumb Code     0  dleqf.o(x$fpl$dleqf)
    __fpl_dnaninf                            0x080100c1   Thumb Code   156  dnaninf.o(x$fpl$dnaninf)
    __aeabi_cdrcmple                         0x0801015d   Thumb Code     0  drleqf.o(x$fpl$drleqf)
    _drcmple                                 0x0801015d   Thumb Code   108  drleqf.o(x$fpl$drleqf)
    __fpl_fretinf                            0x080101c9   Thumb Code    10  fretinf.o(x$fpl$fretinf)
    __fpl_return_NaN                         0x080101d3   Thumb Code   100  retnan.o(x$fpl$retnan)
    __ARM_scalbn                             0x08010237   Thumb Code    92  scalbn.o(x$fpl$scalbn)
    _scanf_real                              0x08010293   Thumb Code     4  scanf1.o(x$fpl$scanf1)
    _scanf_hex_real                          0x08010297   Thumb Code     4  scanf2.o(x$fpl$scanf2)
    _scanf_infnan                            0x0801029b   Thumb Code     4  scanf2.o(x$fpl$scanf2)
    __fpl_cmpreturn                          0x0801029f   Thumb Code    48  trapv.o(x$fpl$trapveneer)
    __I$use$fp                               0x080102ce   Number         0  usenofp.o(x$fpl$usenofp)
    AD_IO_CONFIG                             0x0801030c   Data          36  ad.o(.constdata)
    reset_buletooth                          0x08010354   Data           4  bluetooth.o(.constdata)
    name_buff                                0x08010358   Data          10  bluetooth.o(.constdata)
    OSUnMapTbl                               0x08010362   Data         256  os_core.o(.constdata)
    QXWZ_RTCM_NOSTART                        0x08010462   Data           1  qxwz_rtcm.o(.constdata)
    QXWZ_RTCM_SETTING                        0x08010463   Data           1  qxwz_rtcm.o(.constdata)
    QXWZ_RTCM_START                          0x08010464   Data           1  qxwz_rtcm.o(.constdata)
    Region$$Table$$Base                      0x08010d78   Number         0  anon$$obj.o(Region$$Table)
    Region$$Table$$Limit                     0x08010d98   Number         0  anon$$obj.o(Region$$Table)
    __aeabi_HUGE_VAL                         0x08010d98   Data           0  fpconst.o(c$$dinf)
    __aeabi_HUGE_VALL                        0x08010d98   Data           0  fpconst.o(c$$dinf)
    __aeabi_INFINITY                         0x08010d98   Data           0  fpconst.o(c$$dinf)
    __dInf                                   0x08010d98   Data           0  fpconst.o(c$$dinf)
    __huge_val                               0x08010d98   Data           0  fpconst.o(c$$dinf)
    __ctype                                  0x08010dc9   Data           0  lc_ctype_c.o(locale$$data)
    exitble                                  0x20000000   Data           4  stm32f10x_it.o(.data)
    SystemCoreClock                          0x20000004   Data           4  system_stm32f10x.o(.data)
    AHBPrescTable                            0x20000008   Data          16  system_stm32f10x.o(.data)
    __stdout                                 0x2000001c   Data           4  usart.o(.data)
    recv_IIII_cnt                            0x20000024   Data           1  socket.o(.data)
    recv_CLOSED_cnt                          0x20000025   Data           1  socket.o(.data)
    timer_cnt                                0x20000028   Data           4  socket.o(.data)
    uart_irq_time_need                       0x2000002c   Data           4  socket.o(.data)
    Init_Sim                                 0x2000004c   Data           1  ef_qx.o(.data)
    ggastring                                0x20000054   Data           4  main.o(.data)
    SEND_GPGGA_MEESG                         0x20000058   Data           1  main.o(.data)
    USART1_Semp                              0x2000005c   Data           4  main.o(.data)
    USART2_Semp                              0x20000060   Data           4  main.o(.data)
    USART3_Semp                              0x20000064   Data           4  main.o(.data)
    OSCtxSwCtr                               0x20000084   Data           4  os_core.o(.data)
    OSEventFreeList                          0x20000088   Data           4  os_core.o(.data)
    OSFlagFreeList                           0x2000008c   Data           4  os_core.o(.data)
    OSCPUUsage                               0x20000090   Data           1  os_core.o(.data)
    OSIdleCtrMax                             0x20000094   Data           4  os_core.o(.data)
    OSIdleCtrRun                             0x20000098   Data           4  os_core.o(.data)
    OSStatRdy                                0x2000009c   Data           1  os_core.o(.data)
    OSIntNesting                             0x2000009d   Data           1  os_core.o(.data)
    OSLockNesting                            0x2000009e   Data           1  os_core.o(.data)
    OSPrioCur                                0x2000009f   Data           1  os_core.o(.data)
    OSPrioHighRdy                            0x200000a0   Data           1  os_core.o(.data)
    OSRdyGrp                                 0x200000a1   Data           1  os_core.o(.data)
    OSRdyTbl                                 0x200000a2   Data           8  os_core.o(.data)
    OSRunning                                0x200000aa   Data           1  os_core.o(.data)
    OSTaskCtr                                0x200000ab   Data           1  os_core.o(.data)
    OSIdleCtr                                0x200000ac   Data           4  os_core.o(.data)
    OSTCBCur                                 0x200000b0   Data           4  os_core.o(.data)
    OSTCBFreeList                            0x200000b4   Data           4  os_core.o(.data)
    OSTCBHighRdy                             0x200000b8   Data           4  os_core.o(.data)
    OSTCBList                                0x200000bc   Data           4  os_core.o(.data)
    OSTickStepState                          0x200000c0   Data           1  os_core.o(.data)
    OSQFreeList                              0x200000c4   Data           4  os_core.o(.data)
    OSTime                                   0x200000c8   Data           4  os_core.o(.data)
    qxwz_prefs_flags                         0x200000cc   Data           4  prefs.o(.data)
    qxwz_current_time                        0x200000d8   Data           4  qxwz_rtcm.o(.data)
    qxwz_last_send_gga_time                  0x200000dc   Data           4  qxwz_rtcm.o(.data)
    qxwz_last_ntrip_send_gga_time            0x200000e0   Data           4  qxwz_rtcm.o(.data)
    qxwz_is_data_received                    0x200000e4   Data           1  qxwz_rtcm.o(.data)
    qxwz_ICY_received                        0x200000e5   Data           1  qxwz_rtcm.o(.data)
    nextstep                                 0x200000e8   Data           4  qxwz_rtcm.o(.data)
    qxwz_rtcm_flag                           0x200000ec   Data           1  qxwz_rtcm.o(.data)
    qxwz_ntrip_callback                      0x200000f0   Data           8  qxwz_rtcm.o(.data)
    socket_data                              0x200000f8   Data        2056  qxwz_socket.o(.data)
    sendLength                               0x20000904   Data           4  qxwz_socket.o(.data)
    client_info                              0x20000920   Data           4  ntrip.o(.data)
    qxwz_webservice_auth_path                0x2000092c   Data           4  qxwz_webservice.o(.data)
    USART1_MESSG                             0x20000948   Data         516  usart.o(.bss)
    USART2_MESSG                             0x20000b4c   Data         516  usart.o(.bss)
    USART3_MESSG                             0x20000d50   Data         516  usart.o(.bss)
    config                                   0x20001788   Data          16  ef_qx.o(.bss)
    QIAN_XUN                                 0x20001798   Data         160  ef_qx.o(.bss)
    GPGGA                                    0x20001838   Data          56  ef_qx.o(.bss)
    GET_POSA                                 0x20001870   Data          24  ef_qx.o(.bss)
    RTKPOSA_BUFF                             0x20001888   Data          72  ef_qx.o(.bss)
    Fram_Date_Buff                           0x200018d0   Data          40  main.o(.bss)
    START_TASK_STK                           0x200018f8   Data         256  main.o(.bss)
    Tick_TASK_STK                            0x200019f8   Data        2048  main.o(.bss)
    SENDGGA_TASK_STK                         0x200021f8   Data        2048  main.o(.bss)
    RTCM_TASK_STK                            0x200029f8   Data        8192  main.o(.bss)
    USART1_TASK_STK                          0x200049f8   Data        8192  main.o(.bss)
    USART2_TASK_STK                          0x200069f8   Data        8192  main.o(.bss)
    USART3_TASK_STK                          0x200089f8   Data        2048  main.o(.bss)
    KEY_TASK_STK                             0x200091f8   Data         256  main.o(.bss)
    AD_TASK_STK                              0x200092f8   Data         256  main.o(.bss)
    Task_Flag                                0x200093f8   Data          28  main.o(.bss)
    OSEventTbl                               0x20009414   Data         200  os_core.o(.bss)
    OSFlagTbl                                0x200094dc   Data          80  os_core.o(.bss)
    OSTaskStatStk                            0x2000952c   Data         512  os_core.o(.bss)
    OSTaskIdleStk                            0x2000972c   Data         512  os_core.o(.bss)
    OSTCBPrioTbl                             0x2000992c   Data         256  os_core.o(.bss)
    OSTCBTbl                                 0x20009a2c   Data        1008  os_core.o(.bss)
    OSQTbl                                   0x20009e1c   Data         120  os_core.o(.bss)
    g_qxwz_appkey                            0x20009e94   Data         100  qxwz_rtcm.o(.bss)
    g_qxwz_appsecret                         0x20009ef8   Data         100  qxwz_rtcm.o(.bss)
    g_qxwz_device_ID                         0x20009f5c   Data         100  qxwz_rtcm.o(.bss)
    g_qxwz_device_Type                       0x20009fc0   Data         100  qxwz_rtcm.o(.bss)
    qxwz_rtcm_config                         0x2000a024   Data          16  qxwz_rtcm.o(.bss)
    qxwz_global_cache                        0x2000a058   Data        1024  qxwz_rtcm.o(.bss)
    server_timestamp                         0x2000a458   Data          20  qxwz_rtcm.o(.bss)
    qxwz_rtcm_useraccount                    0x2000a46c   Data         352  qxwz_rtcm.o(.bss)
    qxwz_rtcm_ntrip_config                   0x2000a5cc   Data          36  qxwz_rtcm.o(.bss)
    trackId                                  0x2000a5f0   Data          30  qxwz_rtcm.o(.bss)
    qxwz_callback_info                       0x2000a610   Data          12  qxwz_socket.o(.bss)
    _random_number_data                      0x2000a640   Data         228  rand.o(.bss)
    __libspace_start                         0x2000a724   Data          96  libspace.o(.bss)
    __temporary_stack_top$libspace           0x2000a784   Data           0  libspace.o(.bss)



==============================================================================

Memory Map of the image

  Image Entry point : 0x080000ed

  Load Region LR_IROM1 (Base: 0x08000000, Size: 0x00011814, Max: 0x00040000, ABSOLUTE, COMPRESSED[0x00010f24])

    Execution Region ER_IROM1 (Base: 0x08000000, Size: 0x00010ecc, Max: 0x00040000, ABSOLUTE)

    Base Addr    Size         Type   Attr      Idx    E Section Name        Object

    0x08000000   0x000000ec   Data   RO          142    RESET               startup_stm32f10x_md.o
    0x080000ec   0x00000008   Code   RO         1763  * !!!main             c_w.l(__main.o)
    0x080000f4   0x00000034   Code   RO         2112    !!!scatter          c_w.l(__scatter.o)
    0x08000128   0x0000005a   Code   RO         2110    !!dczerorl2         c_w.l(__dczerorl2.o)
    0x08000182   0x00000002   PAD
    0x08000184   0x0000001c   Code   RO         2114    !!handler_zi        c_w.l(__scatter_zi.o)
    0x080001a0   0x00000000   Code   RO         1727    .ARM.Collect$$_printf_percent$$00000000  c_w.l(_printf_percent.o)
    0x080001a0   0x00000006   Code   RO         1725    .ARM.Collect$$_printf_percent$$00000009  c_w.l(_printf_d.o)
    0x080001a6   0x00000006   Code   RO         1726    .ARM.Collect$$_printf_percent$$0000000A  c_w.l(_printf_u.o)
    0x080001ac   0x00000006   Code   RO         1724    .ARM.Collect$$_printf_percent$$0000000C  c_w.l(_printf_x.o)
    0x080001b2   0x00000006   Code   RO         1723    .ARM.Collect$$_printf_percent$$00000014  c_w.l(_printf_s.o)
    0x080001b8   0x00000004   Code   RO         1797    .ARM.Collect$$_printf_percent$$00000017  c_w.l(_printf_percent_end.o)
    0x080001bc   0x00000002   Code   RO         1930    .ARM.Collect$$libinit$$00000000  c_w.l(libinit.o)
    0x080001be   0x00000000   Code   RO         1805    .ARM.Collect$$libinit$$00000002  c_w.l(libinit2.o)
    0x080001be   0x00000000   Code   RO         1807    .ARM.Collect$$libinit$$00000004  c_w.l(libinit2.o)
    0x080001be   0x00000000   Code   RO         1810    .ARM.Collect$$libinit$$0000000A  c_w.l(libinit2.o)
    0x080001be   0x00000000   Code   RO         1812    .ARM.Collect$$libinit$$0000000C  c_w.l(libinit2.o)
    0x080001be   0x00000004   Code   RO         1813    .ARM.Collect$$libinit$$0000000D  c_w.l(libinit2.o)
    0x080001c2   0x00000000   Code   RO         1814    .ARM.Collect$$libinit$$0000000E  c_w.l(libinit2.o)
    0x080001c2   0x00000006   Code   RO         1815    .ARM.Collect$$libinit$$0000000F  c_w.l(libinit2.o)
    0x080001c8   0x00000000   Code   RO         1817    .ARM.Collect$$libinit$$00000011  c_w.l(libinit2.o)
    0x080001c8   0x0000000c   Code   RO         1818    .ARM.Collect$$libinit$$00000012  c_w.l(libinit2.o)
    0x080001d4   0x00000000   Code   RO         1819    .ARM.Collect$$libinit$$00000013  c_w.l(libinit2.o)
    0x080001d4   0x00000000   Code   RO         1821    .ARM.Collect$$libinit$$00000015  c_w.l(libinit2.o)
    0x080001d4   0x0000000a   Code   RO         1822    .ARM.Collect$$libinit$$00000016  c_w.l(libinit2.o)
    0x080001de   0x00000000   Code   RO         1823    .ARM.Collect$$libinit$$00000017  c_w.l(libinit2.o)
    0x080001de   0x00000000   Code   RO         1825    .ARM.Collect$$libinit$$00000019  c_w.l(libinit2.o)
    0x080001de   0x00000000   Code   RO         1827    .ARM.Collect$$libinit$$0000001B  c_w.l(libinit2.o)
    0x080001de   0x00000000   Code   RO         1829    .ARM.Collect$$libinit$$0000001D  c_w.l(libinit2.o)
    0x080001de   0x00000000   Code   RO         1831    .ARM.Collect$$libinit$$0000001F  c_w.l(libinit2.o)
    0x080001de   0x00000000   Code   RO         1833    .ARM.Collect$$libinit$$00000021  c_w.l(libinit2.o)
    0x080001de   0x00000000   Code   RO         1835    .ARM.Collect$$libinit$$00000023  c_w.l(libinit2.o)
    0x080001de   0x00000000   Code   RO         1837    .ARM.Collect$$libinit$$00000025  c_w.l(libinit2.o)
    0x080001de   0x00000000   Code   RO         1841    .ARM.Collect$$libinit$$0000002C  c_w.l(libinit2.o)
    0x080001de   0x00000000   Code   RO         1843    .ARM.Collect$$libinit$$0000002E  c_w.l(libinit2.o)
    0x080001de   0x00000000   Code   RO         1845    .ARM.Collect$$libinit$$00000030  c_w.l(libinit2.o)
    0x080001de   0x00000000   Code   RO         1847    .ARM.Collect$$libinit$$00000032  c_w.l(libinit2.o)
    0x080001de   0x00000002   Code   RO         1848    .ARM.Collect$$libinit$$00000033  c_w.l(libinit2.o)
    0x080001e0   0x00000002   Code   RO         2025    .ARM.Collect$$libshutdown$$00000000  c_w.l(libshutdown.o)
    0x080001e2   0x00000000   Code   RO         2060    .ARM.Collect$$libshutdown$$00000003  c_w.l(libshutdown2.o)
    0x080001e2   0x00000000   Code   RO         2063    .ARM.Collect$$libshutdown$$00000006  c_w.l(libshutdown2.o)
    0x080001e2   0x00000000   Code   RO         2066    .ARM.Collect$$libshutdown$$00000009  c_w.l(libshutdown2.o)
    0x080001e2   0x00000000   Code   RO         2068    .ARM.Collect$$libshutdown$$0000000B  c_w.l(libshutdown2.o)
    0x080001e2   0x00000000   Code   RO         2071    .ARM.Collect$$libshutdown$$0000000E  c_w.l(libshutdown2.o)
    0x080001e2   0x00000002   Code   RO         2072    .ARM.Collect$$libshutdown$$0000000F  c_w.l(libshutdown2.o)
    0x080001e4   0x00000000   Code   RO         1775    .ARM.Collect$$rtentry$$00000000  c_w.l(__rtentry.o)
    0x080001e4   0x00000000   Code   RO         1856    .ARM.Collect$$rtentry$$00000002  c_w.l(__rtentry2.o)
    0x080001e4   0x00000006   Code   RO         1868    .ARM.Collect$$rtentry$$00000004  c_w.l(__rtentry4.o)
    0x080001ea   0x00000000   Code   RO         1858    .ARM.Collect$$rtentry$$00000009  c_w.l(__rtentry2.o)
    0x080001ea   0x00000004   Code   RO         1859    .ARM.Collect$$rtentry$$0000000A  c_w.l(__rtentry2.o)
    0x080001ee   0x00000000   Code   RO         1861    .ARM.Collect$$rtentry$$0000000C  c_w.l(__rtentry2.o)
    0x080001ee   0x00000008   Code   RO         1862    .ARM.Collect$$rtentry$$0000000D  c_w.l(__rtentry2.o)
    0x080001f6   0x00000002   Code   RO         1933    .ARM.Collect$$rtexit$$00000000  c_w.l(rtexit.o)
    0x080001f8   0x00000000   Code   RO         1991    .ARM.Collect$$rtexit$$00000002  c_w.l(rtexit2.o)
    0x080001f8   0x00000004   Code   RO         1992    .ARM.Collect$$rtexit$$00000003  c_w.l(rtexit2.o)
    0x080001fc   0x00000006   Code   RO         1993    .ARM.Collect$$rtexit$$00000004  c_w.l(rtexit2.o)
    0x08000202   0x00000002   PAD
    0x08000204   0x00000034   Code   RO         1732    .emb_text           c_w.l(rand.o)
    0x08000238   0x000000a8   Code   RO           17    .text               stm32f10x_it.o
    0x080002e0   0x000001e0   Code   RO          122    .text               system_stm32f10x.o
    0x080004c0   0x00000040   Code   RO          143    .text               startup_stm32f10x_md.o
    0x08000500   0x00000130   Code   RO          147    .text               delay.o
    0x08000630   0x00000314   Code   RO          198    .text               usart.o
    0x08000944   0x00000318   Code   RO          289    .text               ad.o
    0x08000c5c   0x00000188   Code   RO          313    .text               spi.o
    0x08000de4   0x00000088   Code   RO          326    .text               led.o
    0x08000e6c   0x00000af8   Code   RO          338    .text               socket.o
    0x08001964   0x000000a0   Code   RO          358    .text               sim7600.o
    0x08001a04   0x000007d0   Code   RO          370    .text               ef_qx.o
    0x080021d4   0x000002c8   Code   RO          389    .text               bluetooth.o
    0x0800249c   0x00000104   Code   RO          405    .text               fm25v01.o
    0x080025a0   0x0000011c   Code   RO          417    .text               key_pow.o
    0x080026bc   0x00000248   Code   RO          430    .text               wt5883.o
    0x08002904   0x00000870   Code   RO          442    .text               main.o
    0x08003174   0x000000dc   Code   RO          472    .text               misc.o
    0x08003250   0x0000044e   Code   RO          484    .text               stm32f10x_adc.o
    0x0800369e   0x00000002   PAD
    0x080036a0   0x0000035c   Code   RO          616    .text               stm32f10x_gpio.o
    0x080039fc   0x000000cc   Code   RO          652    .text               stm32f10x_pwr.o
    0x08003ac8   0x000003a4   Code   RO          664    .text               stm32f10x_rcc.o
    0x08003e6c   0x0000030c   Code   RO          702    .text               stm32f10x_spi.o
    0x08004178   0x00000e1a   Code   RO          714    .text               stm32f10x_tim.o
    0x08004f92   0x00000002   PAD
    0x08004f94   0x00000408   Code   RO          726    .text               stm32f10x_usart.o
    0x0800539c   0x00000890   Code   RO          750    .text               os_core.o
    0x08005c2c   0x0000080c   Code   RO          770    .text               os_flag.o
    0x08006438   0x000005e8   Code   RO          812    .text               os_q.o
    0x08006a20   0x0000038c   Code   RO          824    .text               os_sem.o
    0x08006dac   0x000007c4   Code   RO          836    .text               os_task.o
    0x08007570   0x000001b0   Code   RO          848    .text               os_time.o
    0x08007720   0x000000ae   Code   RO          866    .text               os_cpu_c.o
    0x080077ce   0x00000002   PAD
    0x080077d0   0x000000b4   Code   RO          888    .text               os_cpu_a.o
    0x08007884   0x00000002   Code   RO         1656    .text               c_w.l(use_no_semi_2.o)
    0x08007886   0x000000ee   Code   RO         1658    .text               c_w.l(lludivv7m.o)
    0x08007974   0x00000048   Code   RO         1660    .text               c_w.l(llsdiv.o)
    0x080079bc   0x00000018   Code   RO         1668    .text               c_w.l(noretval__2printf.o)
    0x080079d4   0x00000028   Code   RO         1670    .text               c_w.l(noretval__2sprintf.o)
    0x080079fc   0x00000034   Code   RO         1672    .text               c_w.l(noretval__2snprintf.o)
    0x08007a30   0x0000004e   Code   RO         1676    .text               c_w.l(_printf_pad.o)
    0x08007a7e   0x00000052   Code   RO         1678    .text               c_w.l(_printf_str.o)
    0x08007ad0   0x00000078   Code   RO         1680    .text               c_w.l(_printf_dec.o)
    0x08007b48   0x00000058   Code   RO         1685    .text               c_w.l(_printf_hex_int.o)
    0x08007ba0   0x00000188   Code   RO         1720    .text               c_w.l(__printf_flags_ss_wp.o)
    0x08007d28   0x0000001a   Code   RO         1728    .text               c_w.l(atoi.o)
    0x08007d42   0x0000001a   Code   RO         1730    .text               c_w.l(atoll.o)
    0x08007d5c   0x0000003c   Code   RO         1733    .text               c_w.l(rand.o)
    0x08007d98   0x00000014   Code   RO         1737    .text               c_w.l(strchr.o)
    0x08007dac   0x00000024   Code   RO         1739    .text               c_w.l(strstr.o)
    0x08007dd0   0x00000016   Code   RO         1743    .text               c_w.l(strrchr.o)
    0x08007de6   0x0000003e   Code   RO         1745    .text               c_w.l(strlen.o)
    0x08007e24   0x00000018   Code   RO         1747    .text               c_w.l(strcat.o)
    0x08007e3c   0x0000008a   Code   RO         1749    .text               c_w.l(rt_memcpy_v6.o)
    0x08007ec6   0x00000064   Code   RO         1751    .text               c_w.l(rt_memcpy_w.o)
    0x08007f2a   0x00000010   Code   RO         1753    .text               c_w.l(aeabi_memset.o)
    0x08007f3a   0x00000044   Code   RO         1755    .text               c_w.l(rt_memclr.o)
    0x08007f7e   0x0000004e   Code   RO         1757    .text               c_w.l(rt_memclr_w.o)
    0x08007fcc   0x00000080   Code   RO         1759    .text               c_w.l(strcmpv7m.o)
    0x0800804c   0x00000006   Code   RO         1761    .text               c_w.l(heapauxi.o)
    0x08008052   0x00000002   Code   RO         1773    .text               c_w.l(use_no_semi.o)
    0x08008054   0x00000008   Code   RO         1783    .text               c_w.l(rt_errno_addr_intlibspace.o)
    0x0800805c   0x000000b2   Code   RO         1785    .text               c_w.l(_printf_intcommon.o)
    0x0800810e   0x00000002   PAD
    0x08008110   0x00000030   Code   RO         1787    .text               c_w.l(_printf_char_common.o)
    0x08008140   0x0000000a   Code   RO         1789    .text               c_w.l(_sputc.o)
    0x0800814a   0x00000010   Code   RO         1791    .text               c_w.l(_snputc.o)
    0x0800815a   0x0000002c   Code   RO         1793    .text               c_w.l(_printf_char.o)
    0x08008186   0x00000002   PAD
    0x08008188   0x00000024   Code   RO         1795    .text               c_w.l(_printf_char_file.o)
    0x080081ac   0x000000a0   Code   RO         1798    .text               c_w.l(strtod.o)
    0x0800824c   0x00000070   Code   RO         1800    .text               c_w.l(strtol.o)
    0x080082bc   0x00000090   Code   RO         1802    .text               c_w.l(__strtoll.o)
    0x0800834c   0x00000008   Code   RO         1852    .text               c_w.l(libspace.o)
    0x08008354   0x00000010   Code   RO         1870    .text               c_w.l(rt_ctype_table.o)
    0x08008364   0x00000012   Code   RO         1874    .text               c_w.l(isspace.o)
    0x08008376   0x00000040   Code   RO         1878    .text               c_w.l(_sgetc.o)
    0x080083b6   0x0000009e   Code   RO         1880    .text               c_w.l(_strtoul.o)
    0x08008454   0x000000c2   Code   RO         1882    .text               c_w.l(_strtoull.o)
    0x08008516   0x00000008   Code   RO         1884    .text               c_w.l(ferror.o)
    0x0800851e   0x0000004a   Code   RO         1901    .text               c_w.l(sys_stackheap_outer.o)
    0x08008568   0x00000008   Code   RO         1906    .text               c_w.l(rt_locale_intlibspace.o)
    0x08008570   0x0000001c   Code   RO         1908    .text               c_w.l(_chval.o)
    0x0800858c   0x000004a4   Code   RO         1910    .text               c_w.l(scanf_fp.o)
    0x08008a30   0x0000000c   Code   RO         1915    .text               c_w.l(exit.o)
    0x08008a3c   0x000000dc   Code   RO         1939    .text               c_w.l(bigflt0.o)
    0x08008b18   0x00000016   Code   RO         1997    .text               c_w.l(_rserrno.o)
    0x08008b2e   0x00000002   PAD
    0x08008b30   0x00000318   Code   RO         1999    .text               c_w.l(scanf_hexfp.o)
    0x08008e48   0x00000134   Code   RO         2001    .text               c_w.l(scanf_infnan.o)
    0x08008f7c   0x00000026   Code   RO         2019    .text               c_w.l(llshl.o)
    0x08008fa2   0x00000338   Code   RO         1952    CL$$btod_div_common  c_w.l(btod.o)
    0x080092da   0x00000002   PAD
    0x080092dc   0x00000054   Code   RO         1950    CL$$btod_e2d        c_w.l(btod.o)
    0x08009330   0x000000c6   Code   RO         1949    CL$$btod_e2e        c_w.l(btod.o)
    0x080093f6   0x00000028   Code   RO         1946    CL$$btod_ediv       c_w.l(btod.o)
    0x0800941e   0x00000028   Code   RO         1948    CL$$btod_edivd      c_w.l(btod.o)
    0x08009446   0x00000028   Code   RO         1945    CL$$btod_emul       c_w.l(btod.o)
    0x0800946e   0x00000028   Code   RO         1947    CL$$btod_emuld      c_w.l(btod.o)
    0x08009496   0x00000244   Code   RO         1951    CL$$btod_mult_common  c_w.l(btod.o)
    0x080096da   0x0000000e   Code   RO         2079    i.__mathlib_dbl_overflow  m_ws.l(dunder.o)
    0x080096e8   0x00000010   Code   RO         2081    i.__mathlib_dbl_underflow  m_ws.l(dunder.o)
    0x080096f8   0x00000010   Code   RO         1983    i.__mathlib_narrow  m_ws.l(narrow.o)
    0x08009708   0x00000088   Code   RO         1984    i.__mathlib_tofloat  m_ws.l(narrow.o)
    0x08009790   0x00000016   Code   RO         2033    i.__support_ldexp   m_ws.l(ldexp.o)
    0x080097a6   0x0000000e   Code   RO         1713    i._is_digit         c_w.l(__printf_wp.o)
    0x080097b4   0x0000009c   Code   RO          915    i.copy_user_config  rtcm.lib(qxwz_rtcm.o)
    0x08009850   0x00000058   Code   RO         2014    i.frexp             m_ws.l(frexp.o)
    0x080098a8   0x0000006c   Code   RO         1410    i.getServerTimestamp  rtcm.lib(qxwz_webservice.o)
    0x08009914   0x0000000c   Code   RO         1249    i.get_gga_send_glag  rtcm.lib(ntrip.o)
    0x08009920   0x0000000c   Code   RO         1195    i.get_httprequest_flag  rtcm.lib(httprequest.o)
    0x0800992c   0x0000000c   Code   RO         1196    i.get_httprequest_retry_cb  rtcm.lib(httprequest.o)
    0x08009938   0x0000000c   Code   RO         1250    i.get_ntrip_connect_status  rtcm.lib(ntrip.o)
    0x08009944   0x0000000c   Code   RO         1251    i.get_ntrip_header_send_flag  rtcm.lib(ntrip.o)
    0x08009950   0x00000008   Code   RO          916    i.get_qxwz_config   rtcm.lib(qxwz_rtcm.o)
    0x08009958   0x00000008   Code   RO          917    i.get_sdk_timestamp  rtcm.lib(qxwz_rtcm.o)
    0x08009960   0x0000000c   Code   RO         1091    i.get_soc_close_status  rtcm.lib(qxwz_socket.o)
    0x0800996c   0x00000018   Code   RO          918    i.getqxwzAccount    rtcm.lib(qxwz_rtcm.o)
    0x08009984   0x00000078   Code   RO         1545    i.isc_hmacsha384_init  rtcm.lib(sha384.o)
    0x080099fc   0x0000006e   Code   RO         1547    i.isc_hmacsha384_sign  rtcm.lib(sha384.o)
    0x08009a6a   0x00000014   Code   RO         1548    i.isc_hmacsha384_update  rtcm.lib(sha384.o)
    0x08009a7e   0x00000002   PAD
    0x08009a80   0x000000b4   Code   RO         1552    i.isc_sha384_final  rtcm.lib(sha384.o)
    0x08009b34   0x00000030   Code   RO         1553    i.isc_sha384_init   rtcm.lib(sha384.o)
    0x08009b64   0x00000014   Code   RO         1554    i.isc_sha384_update  rtcm.lib(sha384.o)
    0x08009b78   0x00000180   Code   RO         1555    i.isc_sha512_last   rtcm.lib(sha384.o)
    0x08009cf8   0x00002482   Code   RO         1556    i.isc_sha512_transform  rtcm.lib(sha384.o)
    0x0800c17a   0x00000158   Code   RO         1557    i.isc_sha512_update  rtcm.lib(sha384.o)
    0x0800c2d2   0x00000074   Code   RO         2034    i.ldexp             m_ws.l(ldexp.o)
    0x0800c346   0x00000010   Code   RO         1197    i.makekvpair        rtcm.lib(httprequest.o)
    0x0800c356   0x00000002   PAD
    0x0800c358   0x000000cc   Code   RO         1252    i.ntrip_auth_sign   rtcm.lib(ntrip.o)
    0x0800c424   0x000000e0   Code   RO         1411    i.qxwz_api_sign     rtcm.lib(qxwz_webservice.o)
    0x0800c504   0x00000048   Code   RO          919    i.qxwz_getbody      rtcm.lib(qxwz_rtcm.o)
    0x0800c54c   0x000001b8   Code   RO          920    i.qxwz_getservertimestampcallback  rtcm.lib(qxwz_rtcm.o)
    0x0800c704   0x000000d0   Code   RO         1198    i.qxwz_http_cache_requestbody  rtcm.lib(httprequest.o)
    0x0800c7d4   0x00000068   Code   RO         1199    i.qxwz_http_querystring  rtcm.lib(httprequest.o)
    0x0800c83c   0x000003cc   Code   RO         1200    i.qxwz_http_request  rtcm.lib(httprequest.o)
    0x0800cc08   0x00000098   Code   RO         1473    i.qxwz_json_readvalue  rtcm.lib(util.o)
    0x0800cca0   0x00000014   Code   RO         1253    i.qxwz_ntrip_cleanup  rtcm.lib(ntrip.o)
    0x0800ccb4   0x00000328   Code   RO         1254    i.qxwz_ntrip_connect  rtcm.lib(ntrip.o)
    0x0800cfdc   0x00000044   Code   RO         1255    i.qxwz_ntrip_disconnect  rtcm.lib(ntrip.o)
    0x0800d020   0x00000368   Code   RO         1256    i.qxwz_ntrip_handle_data  rtcm.lib(ntrip.o)
    0x0800d388   0x0000001c   Code   RO         1257    i.qxwz_ntrip_init   rtcm.lib(ntrip.o)
    0x0800d3a4   0x00000190   Code   RO         1258    i.qxwz_ntrip_on_data_received  rtcm.lib(ntrip.o)
    0x0800d534   0x00000014   Code   RO         1259    i.qxwz_ntrip_report_diff_data  rtcm.lib(ntrip.o)
    0x0800d548   0x00000014   Code   RO         1260    i.qxwz_ntrip_report_status  rtcm.lib(ntrip.o)
    0x0800d55c   0x0000000c   Code   RO         1261    i.qxwz_ntrip_send_gga  rtcm.lib(ntrip.o)
    0x0800d568   0x000001b8   Code   RO         1262    i.qxwz_ntrip_send_gga_inner  rtcm.lib(ntrip.o)
    0x0800d720   0x000001d8   Code   RO         1263    i.qxwz_ntrip_send_header  rtcm.lib(ntrip.o)
    0x0800d8f8   0x0000002c   Code   RO         1264    i.qxwz_ntrip_start  rtcm.lib(ntrip.o)
    0x0800d924   0x00000030   Code   RO         1265    i.qxwz_ntrip_stop   rtcm.lib(ntrip.o)
    0x0800d954   0x00000198   Code   RO         1266    i.qxwz_ntrip_tick   rtcm.lib(ntrip.o)
    0x0800daec   0x00000100   Code   RO         1092    i.qxwz_on_soc_data_received  rtcm.lib(qxwz_socket.o)
    0x0800dbec   0x0000000c   Code   RO          891    i.qxwz_prefs_flags_get  rtcm.lib(prefs.o)
    0x0800dbf8   0x000000d8   Code   RO          921    i.qxwz_rtcm_authenticate  rtcm.lib(qxwz_rtcm.o)
    0x0800dcd0   0x000009e4   Code   RO          922    i.qxwz_rtcm_authenticate_callback  rtcm.lib(qxwz_rtcm.o)
    0x0800e6b4   0x00000070   Code   RO          923    i.qxwz_rtcm_connectntrip  rtcm.lib(qxwz_rtcm.o)
    0x0800e724   0x000000a4   Code   RO          924    i.qxwz_rtcm_getservertimestamp  rtcm.lib(qxwz_rtcm.o)
    0x0800e7c8   0x000000ec   Code   RO          925    i.qxwz_rtcm_ntrip_callback  rtcm.lib(qxwz_rtcm.o)
    0x0800e8b4   0x00000110   Code   RO          926    i.qxwz_rtcm_ntrip_status_callback  rtcm.lib(qxwz_rtcm.o)
    0x0800e9c4   0x0000002e   Code   RO          927    i.qxwz_rtcm_readvalue  rtcm.lib(qxwz_rtcm.o)
    0x0800e9f2   0x00000002   PAD
    0x0800e9f4   0x0000003c   Code   RO         1445    i.qxwz_sdk_get_ntrip_host  rtcm.lib(sdk.o)
    0x0800ea30   0x0000003c   Code   RO         1446    i.qxwz_sdk_get_open_api_host  rtcm.lib(sdk.o)
    0x0800ea6c   0x000000e8   Code   RO          928    i.qxwz_send_gga     rtcm.lib(qxwz_rtcm.o)
    0x0800eb54   0x00000304   Code   RO          929    i.qxwz_setting      rtcm.lib(qxwz_rtcm.o)
    0x0800ee58   0x0000006c   Code   RO         1559    i.qxwz_sign_sha384  rtcm.lib(sha384.o)
    0x0800eec4   0x00000018   Code   RO         1093    i.qxwz_soc_close_complete  rtcm.lib(qxwz_socket.o)
    0x0800eedc   0x000001d4   Code   RO         1094    i.qxwz_soc_connect_complete  rtcm.lib(qxwz_socket.o)
    0x0800f0b0   0x000000bc   Code   RO         1095    i.qxwz_soc_error    rtcm.lib(qxwz_socket.o)
    0x0800f16c   0x00000028   Code   RO         1096    i.qxwz_soc_local_close  rtcm.lib(qxwz_socket.o)
    0x0800f194   0x00000034   Code   RO         1097    i.qxwz_soc_local_connect  rtcm.lib(qxwz_socket.o)
    0x0800f1c8   0x00000228   Code   RO         1098    i.qxwz_soc_send_complete  rtcm.lib(qxwz_socket.o)
    0x0800f3f0   0x0000013c   Code   RO          930    i.qxwz_start        rtcm.lib(qxwz_rtcm.o)
    0x0800f52c   0x000000b8   Code   RO          931    i.qxwz_stop         rtcm.lib(qxwz_rtcm.o)
    0x0800f5e4   0x0000001c   Code   RO          932    i.qxwz_tick         rtcm.lib(qxwz_rtcm.o)
    0x0800f600   0x00000064   Code   RO         1475    i.qxwz_trim         rtcm.lib(util.o)
    0x0800f664   0x00000048   Code   RO         1476    i.qxwz_util_make_json_key  rtcm.lib(util.o)
    0x0800f6ac   0x0000023c   Code   RO         1412    i.qxwz_webservice_authenticate  rtcm.lib(qxwz_webservice.o)
    0x0800f8e8   0x00000018   Code   RO          933    i.rtcm_callnextsetp_method  rtcm.lib(qxwz_rtcm.o)
    0x0800f900   0x0000000c   Code   RO         1267    i.set_gga_send_flag  rtcm.lib(ntrip.o)
    0x0800f90c   0x0000000c   Code   RO         1201    i.set_httprequest_flag  rtcm.lib(httprequest.o)
    0x0800f918   0x0000001c   Code   RO         1268    i.set_ntrip_connect_status  rtcm.lib(ntrip.o)
    0x0800f934   0x00000010   Code   RO         1269    i.set_ntrip_connecting_flag  rtcm.lib(ntrip.o)
    0x0800f944   0x0000000c   Code   RO         1270    i.set_ntrip_header_send_flag  rtcm.lib(ntrip.o)
    0x0800f950   0x000000c0   Code   RO         1100    i.socket_getcallback  rtcm.lib(qxwz_socket.o)
    0x0800fa10   0x00000010   Code   RO         1101    i.socket_push_callback  rtcm.lib(qxwz_socket.o)
    0x0800fa20   0x00000020   Code   RO         1102    i.socket_remove_callback  rtcm.lib(qxwz_socket.o)
    0x0800fa40   0x000002e8   Code   RO         1103    i.socket_tick       rtcm.lib(qxwz_socket.o)
    0x0800fd28   0x0000001c   Code   RO         1477    i.string_indexOf    rtcm.lib(util.o)
    0x0800fd44   0x00000046   Code   RO         1478    i.string_substring  rtcm.lib(util.o)
    0x0800fd8a   0x0000001c   Code   RO         1766    i.strtod            m_ws.l(strtod.o)
    0x0800fda6   0x00000022   Code   RO         1770    i.strtof            m_ws.l(strtof.o)
    0x0800fdc8   0x000000a4   Code   RO         1413    i.url_config        rtcm.lib(qxwz_webservice.o)
    0x0800fe6c   0x00000080   Code   RO         1480    i.url_encode        rtcm.lib(util.o)
    0x0800feec   0x0000002c   Code   RO         1889    locale$$code        c_w.l(lc_numeric_c.o)
    0x0800ff18   0x0000002c   Code   RO         1913    locale$$code        c_w.l(lc_ctype_c.o)
    0x0800ff44   0x00000062   Code   RO         1849    x$fpl$d2f           fz_ws.l(d2f.o)
    0x0800ffa6   0x00000002   PAD
    0x0800ffa8   0x00000010   Code   RO         2073    x$fpl$dcheck1       fz_ws.l(dcheck1.o)
    0x0800ffb8   0x00000018   Code   RO         2026    x$fpl$dcmpinf       fz_ws.l(dcmpi.o)
    0x0800ffd0   0x00000078   Code   RO         2009    x$fpl$deqf          fz_ws.l(deqf.o)
    0x08010048   0x00000078   Code   RO         2028    x$fpl$dleqf         fz_ws.l(dleqf.o)
    0x080100c0   0x0000009c   Code   RO         1893    x$fpl$dnaninf       fz_ws.l(dnaninf.o)
    0x0801015c   0x0000006c   Code   RO         2011    x$fpl$drleqf        fz_ws.l(drleqf.o)
    0x080101c8   0x0000000a   Code   RO         1897    x$fpl$fretinf       fz_ws.l(fretinf.o)
    0x080101d2   0x00000064   Code   RO         2102    x$fpl$retnan        fz_ws.l(retnan.o)
    0x08010236   0x0000005c   Code   RO         2030    x$fpl$scalbn        fz_ws.l(scalbn.o)
    0x08010292   0x00000004   Code   RO         1899    x$fpl$scanf1        fz_ws.l(scanf1.o)
    0x08010296   0x00000008   Code   RO         1977    x$fpl$scanf2        fz_ws.l(scanf2.o)
    0x0801029e   0x00000030   Code   RO         2106    x$fpl$trapveneer    fz_ws.l(trapv.o)
    0x080102ce   0x00000000   Code   RO         1851    x$fpl$usenofp       fz_ws.l(usenofp.o)
    0x080102ce   0x00000002   PAD
    0x080102d0   0x0000003c   Data   RO          200    .constdata          usart.o
    0x0801030c   0x00000038   Data   RO          290    .constdata          ad.o
    0x08010344   0x00000010   Data   RO          314    .constdata          spi.o
    0x08010354   0x0000000e   Data   RO          390    .constdata          bluetooth.o
    0x08010362   0x00000100   Data   RO          752    .constdata          os_core.o
    0x08010462   0x000000e0   Data   RO          935    .constdata          rtcm.lib(qxwz_rtcm.o)
    0x08010542   0x00000079   Data   RO         1105    .constdata          rtcm.lib(qxwz_socket.o)
    0x080105bb   0x00000012   Data   RO         1202    .constdata          rtcm.lib(httprequest.o)
    0x080105cd   0x00000097   Data   RO         1272    .constdata          rtcm.lib(ntrip.o)
    0x08010664   0x0000001d   Data   RO         1414    .constdata          rtcm.lib(qxwz_webservice.o)
    0x08010681   0x00000007   PAD
    0x08010688   0x000002c0   Data   RO         1560    .constdata          rtcm.lib(sha384.o)
    0x08010948   0x00000028   Data   RO         1686    .constdata          c_w.l(_printf_hex_int.o)
    0x08010970   0x00000011   Data   RO         1721    .constdata          c_w.l(__printf_flags_ss_wp.o)
    0x08010981   0x00000003   PAD
    0x08010984   0x00000094   Data   RO         1940    .constdata          c_w.l(bigflt0.o)
    0x08010a18   0x00000050   Data   RO          444    .conststring        main.o
    0x08010a68   0x00000048   Data   RO          936    .conststring        rtcm.lib(qxwz_rtcm.o)
    0x08010ab0   0x00000041   Data   RO         1106    .conststring        rtcm.lib(qxwz_socket.o)
    0x08010af1   0x00000003   PAD
    0x08010af4   0x000001b7   Data   RO         1273    .conststring        rtcm.lib(ntrip.o)
    0x08010cab   0x00000001   PAD
    0x08010cac   0x00000086   Data   RO         1415    .conststring        rtcm.lib(qxwz_webservice.o)
    0x08010d32   0x00000002   PAD
    0x08010d34   0x00000041   Data   RO         1481    .conststring        rtcm.lib(util.o)
    0x08010d75   0x00000003   PAD
    0x08010d78   0x00000020   Data   RO         2108    Region$$Table       anon$$obj.o
    0x08010d98   0x00000008   Data   RO         1972    c$$dinf             fz_ws.l(fpconst.o)
    0x08010da0   0x0000001c   Data   RO         1888    locale$$data        c_w.l(lc_numeric_c.o)
    0x08010dbc   0x00000110   Data   RO         1912    locale$$data        c_w.l(lc_ctype_c.o)


    Execution Region RW_IRAM1 (Base: 0x20000000, Size: 0x0000ad88, Max: 0x0000c000, ABSOLUTE, COMPRESSED[0x00000058])

    Base Addr    Size         Type   Attr      Idx    E Section Name        Object

    0x20000000   0x00000004   Data   RW           18    .data               stm32f10x_it.o
    0x20000004   0x00000014   Data   RW          123    .data               system_stm32f10x.o
    0x20000018   0x00000004   Data   RW          148    .data               delay.o
    0x2000001c   0x00000004   Data   RW          201    .data               usart.o
    0x20000020   0x00000004   Data   RW          291    .data               ad.o
    0x20000024   0x00000028   Data   RW          340    .data               socket.o
    0x2000004c   0x00000003   Data   RW          372    .data               ef_qx.o
    0x2000004f   0x00000001   Data   RW          391    .data               bluetooth.o
    0x20000050   0x00000002   Data   RW          418    .data               key_pow.o
    0x20000052   0x00000002   PAD
    0x20000054   0x0000001c   Data   RW          445    .data               main.o
    0x20000070   0x00000014   Data   RW          665    .data               stm32f10x_rcc.o
    0x20000084   0x00000048   Data   RW          753    .data               os_core.o
    0x200000cc   0x00000004   Data   RW          893    .data               rtcm.lib(prefs.o)
    0x200000d0   0x00000028   Data   RW          937    .data               rtcm.lib(qxwz_rtcm.o)
    0x200000f8   0x00000810   Data   RW         1107    .data               rtcm.lib(qxwz_socket.o)
    0x20000908   0x00000005   Data   RW         1203    .data               rtcm.lib(httprequest.o)
    0x2000090d   0x00000003   PAD
    0x20000910   0x0000001c   Data   RW         1274    .data               rtcm.lib(ntrip.o)
    0x2000092c   0x00000004   Data   RW         1416    .data               rtcm.lib(qxwz_webservice.o)
    0x20000930   0x00000015   Data   RW         1482    .data               rtcm.lib(util.o)
    0x20000945   0x00000003   PAD
    0x20000948   0x0000060c   Zero   RW          199    .bss                usart.o
    0x20000f54   0x00000832   Zero   RW          339    .bss                socket.o
    0x20001786   0x00000002   PAD
    0x20001788   0x00000148   Zero   RW          371    .bss                ef_qx.o
    0x200018d0   0x00007b44   Zero   RW          443    .bss                main.o
    0x20009414   0x00000a80   Zero   RW          751    .bss                os_core.o
    0x20009e94   0x0000077a   Zero   RW          934    .bss                rtcm.lib(qxwz_rtcm.o)
    0x2000a60e   0x00000002   PAD
    0x2000a610   0x0000000c   Zero   RW         1104    .bss                rtcm.lib(qxwz_socket.o)
    0x2000a61c   0x00000024   Zero   RW         1271    .bss                rtcm.lib(ntrip.o)
    0x2000a640   0x000000e4   Zero   RW         1734    .bss                c_w.l(rand.o)
    0x2000a724   0x00000060   Zero   RW         1853    .bss                c_w.l(libspace.o)
    0x2000a784   0x00000004   PAD
    0x2000a788   0x00000200   Zero   RW          141    HEAP                startup_stm32f10x_md.o
    0x2000a988   0x00000400   Zero   RW          140    STACK               startup_stm32f10x_md.o


==============================================================================

Image component sizes


      Code (inc. data)   RO Data    RW Data    ZI Data      Debug   Object Name

       792         70         56          4          0       2549   ad.o
       712         52         14          1          0       2402   bluetooth.o
         0          0          0          0          0       4524   core_cm3.o
       304         24          0          4          0      10342   delay.o
      2000        498          0          3        328       5020   ef_qx.o
       260         24          0          0          0       1406   fm25v01.o
       284         24          0          2          0        855   key_pow.o
       136         16          0          0          0        483   led.o
      2160        626         80         28      31556       4999   main.o
       220         22          0          0          0       1769   misc.o
      2192        218        256         72       2688      14647   os_core.o
       180         36          0          0          0        284   os_cpu_a.o
       174          0          0          0          0      10214   os_cpu_c.o
      2060         42          0          0          0       6692   os_flag.o
      1512         30          0          0          0       5421   os_q.o
       908         18          0          0          0       3766   os_sem.o
      1988         70          0          0          0       7357   os_task.o
       432         30          0          0          0       1726   os_time.o
       160         22          0          0          0        521   sim7600.o
      2808        974          0         40       2098       7473   socket.o
       392         38         16          0          0       1664   spi.o
        64         26        236          0       1536        752   startup_stm32f10x_md.o
      1102         26          0          0          0      10801   stm32f10x_adc.o
       860         38          0          0          0       5609   stm32f10x_gpio.o
       168         14          0          4          0     275197   stm32f10x_it.o
       204         14          0          0          0       1891   stm32f10x_pwr.o
       932         36          0         20          0       8748   stm32f10x_rcc.o
       780         14          0          0          0       6498   stm32f10x_spi.o
      3610         88          0          0          0      22100   stm32f10x_tim.o
      1032         22          0          0          0       8340   stm32f10x_usart.o
       480         38          0         20          0       1655   system_stm32f10x.o
       788         76         60          4       1548      14514   usart.o
       584         24          0          0          0       1555   wt5883.o

    ----------------------------------------------------------------------
     30284       3250        750        204      39756     451774   Object Totals
         0          0         32          0          0          0   (incl. Generated)
         6          0          0          2          2          0   (incl. Padding)

    ----------------------------------------------------------------------

      Code (inc. data)   RO Data    RW Data    ZI Data      Debug   Library Member Name

        90          0          0          0          0          0   __dczerorl2.o
         8          0          0          0          0         68   __main.o
       392          4         17          0          0         92   __printf_flags_ss_wp.o
        14          0          0          0          0         68   __printf_wp.o
         0          0          0          0          0          0   __rtentry.o
        12          0          0          0          0          0   __rtentry2.o
         6          0          0          0          0          0   __rtentry4.o
        52          8          0          0          0          0   __scatter.o
        28          0          0          0          0          0   __scatter_zi.o
       144          0          0          0          0         88   __strtoll.o
        28          0          0          0          0         68   _chval.o
        44          0          0          0          0        108   _printf_char.o
        48          6          0          0          0         96   _printf_char_common.o
        36          4          0          0          0         80   _printf_char_file.o
         6          0          0          0          0          0   _printf_d.o
       120         16          0          0          0         92   _printf_dec.o
        88          4         40          0          0         88   _printf_hex_int.o
       178          0          0          0          0         88   _printf_intcommon.o
        78          0          0          0          0        108   _printf_pad.o
         0          0          0          0          0          0   _printf_percent.o
         4          0          0          0          0          0   _printf_percent_end.o
         6          0          0          0          0          0   _printf_s.o
        82          0          0          0          0         80   _printf_str.o
         6          0          0          0          0          0   _printf_u.o
         6          0          0          0          0          0   _printf_x.o
        22          0          0          0          0        100   _rserrno.o
        64          0          0          0          0         84   _sgetc.o
        16          0          0          0          0         68   _snputc.o
        10          0          0          0          0         68   _sputc.o
       158          0          0          0          0         92   _strtoul.o
       194          0          0          0          0         96   _strtoull.o
        16          0          0          0          0         68   aeabi_memset.o
        26          0          0          0          0         80   atoi.o
        26          0          0          0          0         80   atoll.o
       220          4        148          0          0         96   bigflt0.o
      1846        132          0          0          0        736   btod.o
        12          0          0          0          0         72   exit.o
         8          0          0          0          0         68   ferror.o
         6          0          0          0          0        152   heapauxi.o
        18          0          0          0          0         76   isspace.o
        44         10        272          0          0         76   lc_ctype_c.o
        44         10         28          0          0         76   lc_numeric_c.o
         2          0          0          0          0          0   libinit.o
        34          0          0          0          0          0   libinit2.o
         2          0          0          0          0          0   libshutdown.o
         2          0          0          0          0          0   libshutdown2.o
         8          4          0          0         96         68   libspace.o
        72          0          0          0          0         76   llsdiv.o
        38          0          0          0          0         68   llshl.o
       238          0          0          0          0        100   lludivv7m.o
        24          4          0          0          0         84   noretval__2printf.o
        52          4          0          0          0         84   noretval__2snprintf.o
        40          6          0          0          0         84   noretval__2sprintf.o
       112         18          0          0        228        160   rand.o
        16          4          0          0          0         76   rt_ctype_table.o
         8          4          0          0          0         68   rt_errno_addr_intlibspace.o
         8          4          0          0          0         68   rt_locale_intlibspace.o
        68          0          0          0          0         68   rt_memclr.o
        78          0          0          0          0         80   rt_memclr_w.o
       138          0          0          0          0         68   rt_memcpy_v6.o
       100          0          0          0          0         80   rt_memcpy_w.o
         2          0          0          0          0          0   rtexit.o
        10          0          0          0          0          0   rtexit2.o
      1188         12          0          0          0        148   scanf_fp.o
       792         14          0          0          0        100   scanf_hexfp.o
       308         16          0          0          0        100   scanf_infnan.o
        24          0          0          0          0         68   strcat.o
        20          0          0          0          0         68   strchr.o
       128          0          0          0          0         68   strcmpv7m.o
        62          0          0          0          0         76   strlen.o
        22          0          0          0          0         68   strrchr.o
        36          0          0          0          0         80   strstr.o
       160         12          0          0          0        120   strtod.o
       112          0          0          0          0         88   strtol.o
        74          0          0          0          0         80   sys_stackheap_outer.o
         2          0          0          0          0         68   use_no_semi.o
         2          0          0          0          0         68   use_no_semi_2.o
        98          4          0          0          0         92   d2f.o
        16          4          0          0          0         68   dcheck1.o
        24          0          0          0          0         68   dcmpi.o
       120          4          0          0          0         92   deqf.o
       120          4          0          0          0         92   dleqf.o
       156          4          0          0          0         92   dnaninf.o
       108          0          0          0          0         80   drleqf.o
         0          0          8          0          0          0   fpconst.o
        10          0          0          0          0         68   fretinf.o
       100          0          0          0          0         68   retnan.o
        92          0          0          0          0         68   scalbn.o
         4          0          0          0          0         68   scanf1.o
         8          0          0          0          0         84   scanf2.o
        48          0          0          0          0         68   trapv.o
         0          0          0          0          0          0   usenofp.o
        30          6          0          0          0        136   dunder.o
        88          8          0          0          0         76   frexp.o
       138          0          0          0          0        160   ldexp.o
       152          4          0          0          0        168   narrow.o
        28          0          0          0          0         80   strtod.o
        34          0          0          0          0         84   strtof.o
      1336        478         18          5          0       5220   httprequest.o
      3968       1452        590         28         36      16494   ntrip.o
        12          6          0          4          0       1118   prefs.o
      5842       2156        296         40       1914      25966   qxwz_rtcm.o
      2576       1004        186       2064         12      11155   qxwz_socket.o
      1068        288        163          4          0       3869   qxwz_webservice.o
       120         84          0          0          0       1007   sdk.o
     10680         76        704          0          0      13273   sha384.o
       550         16         65         21          0       6382   util.o

    ----------------------------------------------------------------------
     35736       5900       2554       2172       2292      91840   Library Totals
        22          2         19          6          6          0   (incl. Padding)

    ----------------------------------------------------------------------

      Code (inc. data)   RO Data    RW Data    ZI Data      Debug   Library Name

      8188        300        505          0        324       5644   c_w.l
       904         20          8          0          0       1008   fz_ws.l
       470         18          0          0          0        704   m_ws.l
     26152       5560       2022       2166       1962      84484   rtcm.lib

    ----------------------------------------------------------------------
     35736       5900       2554       2172       2292      91840   Library Totals

    ----------------------------------------------------------------------

==============================================================================


      Code (inc. data)   RO Data    RW Data    ZI Data      Debug   

     66020       9150       3304       2376      42048     532222   Grand Totals
     66020       9150       3304         88      42048     532222   ELF Image Totals (compressed)
     66020       9150       3304         88          0          0   ROM Totals

==============================================================================

    Total RO  Size (Code + RO Data)                69324 (  67.70kB)
    Total RW  Size (RW Data + ZI Data)             44424 (  43.38kB)
    Total ROM Size (Code + RO Data + RW Data)      69412 (  67.79kB)

==============================================================================

